###############################################################################
#
# IAR ELF Linker V8.40.2.214/W32 for ARM                  22/Jan/2020  22:47:25
# Copyright 2007-2019 IAR Systems AB.
#
#    Output file  =
#        C:\GitHub\stm32Labs\MyExperimets\Debug\Exe\AtricleHowToUseCpp.out
#    Map file     =
#        C:\GitHub\stm32Labs\MyExperimets\Debug\List\AtricleHowToUseCpp.map
#    Command line =
#        -f C:\Users\Serge\AppData\Local\Temp\EW366D.tmp
#        (C:\GitHub\stm32Labs\MyExperimets\Debug\Obj\main.o --no_out_extension
#        -o C:\GitHub\stm32Labs\MyExperimets\Debug\Exe\AtricleHowToUseCpp.out
#        --redirect _Printf=_PrintfFullNoMb --redirect _Scanf=_ScanfFullNoMb
#        --map
#        C:\GitHub\stm32Labs\MyExperimets\Debug\List\AtricleHowToUseCpp.map
#        --config "C:\Program Files (x86)\IAR Systems\Embedded Workbench
#        8.3\arm\config\linker\ST\stm32f411xE.icf" --semihosting --entry
#        __iar_program_start --vfe --text_out locale)
#
###############################################################################

*******************************************************************************
*** RUNTIME MODEL ATTRIBUTES
***

CppFlavor        = *
__CPP_Exceptions = Disabled
__CPP_Language   = C++14
__SystemLibrary  = DLib
__dlib_version   = 6


*******************************************************************************
*** HEAP SELECTION
***

The basic heap was selected because no calls to memory allocation
functions were found in the application outside of system library
functions, and there are calls to deallocation functions in the
application.


*******************************************************************************
*** PLACEMENT SUMMARY
***

"A0":  place at address 0x800'0000 { ro section .intvec };
"P1":  place in [from 0x800'0000 to 0x807'ffff] { ro };
define block CSTACK with size = 8K, alignment = 8 { };
define block HEAP with size = 8K, alignment = 8 { };
"P2":  place in [from 0x2000'0000 to 0x2001'ffff] {
          rw, block CSTACK, block HEAP };

No sections matched the following patterns:

  rw  in "P2"


  Section   Kind         Address    Size  Object
  -------   ----         -------    ----  ------
"A0":                               0x40
  .intvec   ro code   0x800'0000    0x40  vector_table_M.o [4]
                    - 0x800'0040    0x40

"P1":                              0x114
  .text     ro code   0x800'0040    0xa0  main.o [1]
  .text     ro code   0x800'00e0    0x22  fpinit_M.o [3]
  .text     ro code   0x800'0102     0x2  vector_table_M.o [4]
  .text     ro code   0x800'0104    0x1e  cmain.o [4]
  .text     ro code   0x800'0122     0x4  exit.o [2]
  .rodata   const     0x800'0126     0x1  unwind_debug.o [5]
  .text     ro code   0x800'0128     0xa  cexit.o [4]
  .text     ro code   0x800'0134    0x14  exit.o [5]
  .text     ro code   0x800'0148     0xc  cstartup_M.o [4]
                    - 0x800'0154   0x114

"P2":                             0x2000
  CSTACK             0x2000'0000  0x2000  <Block>
    CSTACK  uninit   0x2000'0000  0x2000  <Block tail>
                   - 0x2000'2000  0x2000

Unused ranges:

         From           To      Size
         ----           --      ----
   0x800'0154   0x807'ffff  0x7'feac
  0x2000'2000  0x2001'ffff  0x1'e000



*******************************************************************************
*** MODULE SUMMARY
***

    Module            ro code  ro data  rw data
    ------            -------  -------  -------
command line/config:
    -------------------------------------------
    Total:

C:\GitHub\stm32Labs\MyExperimets\Debug\Obj: [1]
    main.o                160
    -------------------------------------------
    Total:                160

dl7M_tln.a: [2]
    exit.o                  4
    -------------------------------------------
    Total:                  4

m7M_tls.a: [3]
    fpinit_M.o             34
    -------------------------------------------
    Total:                 34

rt7M_tl.a: [4]
    cexit.o                10
    cmain.o                30
    cstartup_M.o           12
    vector_table_M.o       66
    -------------------------------------------
    Total:                118

shb_l.a: [5]
    exit.o                 20
    unwind_debug.o                   1
    -------------------------------------------
    Total:                 20        1

    Gaps                    3
    Linker created                        8'192
-----------------------------------------------
    Grand Total:          339        1    8'192


*******************************************************************************
*** ENTRY LIST
***

Entry                       Address  Size  Type      Object
-----                       -------  ----  ----      ------
?main                    0x800'0105        Code  Gb  cmain.o [4]
CSTACK$$Base            0x2000'0000         --   Gb  - Linker created -
CSTACK$$Limit           0x2000'2000         --   Gb  - Linker created -
Region$$Table$$Base             0x0         --   Gb  - Linker created -
Region$$Table$$Limit            0x0         --   Gb  - Linker created -
__cmain                  0x800'0105        Code  Gb  cmain.o [4]
__exit                   0x800'0135  0x14  Code  Gb  exit.o [5]
__iar_debug_exceptions   0x800'0126   0x1  Data  Gb  unwind_debug.o [5]
__iar_init_vfp           0x800'00e1        Code  Gb  fpinit_M.o [3]
__iar_program_start      0x800'0149        Code  Gb  cstartup_M.o [4]
__low_level_init         0x800'0041  0x74  Code  Gb  main.o [1]
__vector_table           0x800'0000        Data  Gb  vector_table_M.o [4]
_call_main               0x800'0111        Code  Gb  cmain.o [4]
_exit                    0x800'0129        Code  Gb  cexit.o [4]
_main                    0x800'011f        Code  Gb  cmain.o [4]
exit                     0x800'0123   0x4  Code  Gb  exit.o [2]
main                     0x800'00b5   0xe  Code  Gb  main.o [1]


[1] = C:\GitHub\stm32Labs\MyExperimets\Debug\Obj
[2] = dl7M_tln.a
[3] = m7M_tls.a
[4] = rt7M_tl.a
[5] = shb_l.a

    339 bytes of readonly  code memory
      1 byte  of readonly  data memory
  8'192 bytes of readwrite data memory

Errors: none
Warnings: none
