###############################################################################
#
# IAR ELF Linker V8.30.1.114/W32 for ARM                  02/Sep/2018  00:41:44
# Copyright 2007-2018 IAR Systems AB.
#
#    Output file  =  
#        E:\Projects\ARM_LAB\stm32Labs\LabAdcLedsBegin\Debug\Exe\adc.out
#    Map file     =  
#        E:\Projects\ARM_LAB\stm32Labs\LabAdcLedsBegin\Debug\List\adc.map
#    Command line =  
#        -f C:\Users\Sergey\AppData\Local\Temp\EWBBAB.tmp
#        (E:\Projects\ARM_LAB\stm32Labs\LabAdcLedsBegin\Debug\Obj\irqcontroller.o
#        E:\Projects\ARM_LAB\stm32Labs\LabAdcLedsBegin\Debug\Obj\main.o
#        E:\Projects\ARM_LAB\stm32Labs\LabAdcLedsBegin\Debug\Obj\startupF411RE.o
#        --no_out_extension -o
#        E:\Projects\ARM_LAB\stm32Labs\LabAdcLedsBegin\Debug\Exe\adc.out
#        --redirect _Printf=_PrintfFullNoMb --redirect _Scanf=_ScanfFullNoMb
#        --map E:\Projects\ARM_LAB\stm32Labs\LabAdcLedsBegin\Debug\List\adc.map
#        --config E:\Projects\ARM_LAB\stm32Labs\LabAdcLedsBegin\stm32f411xE.icf
#        --semihosting --entry __iar_program_start --vfe --text_out locale)
#
###############################################################################

*******************************************************************************
*** RUNTIME MODEL ATTRIBUTES
***

CppFlavor        = *
__CPP_Exceptions = Disabled
__CPP_Language   = C++14
__Heap_Handler   = Basic
__SystemLibrary  = DLib
__dlib_version   = 6


*******************************************************************************
*** HEAP SELECTION
***

The basic heap was selected because no calls to memory allocation
functions were found in the application outside of system library
functions, and there are calls to deallocation functions in the
application.


*******************************************************************************
*** PLACEMENT SUMMARY
***

"A0":  place at 0x800'0000 { ro section .intvec };
"P1":  place in [from 0x800'0000 to 0x807'ffff] { ro };
define block CSTACK with size = 256, alignment = 8 { };
define block HEAP with size = 0M, alignment = 8 { };
"P2":  place in [from 0x2000'0000 to 0x2001'ffff] {
          rw, block CSTACK, block HEAP };

  Section          Kind         Address   Size  Object
  -------          ----         -------   ----  ------
"A0":                                    0x198
  .intvec          const     0x800'0000  0x198  startupF411RE.o [1]
                           - 0x800'0198  0x198

"P1":                                    0xc08
  .text            ro code   0x800'0198   0xa8  main.o [1]
  .text            ro code   0x800'0240   0x20  main.o [1]
  .text            ro code   0x800'0260   0x20  main.o [1]
  .text            ro code   0x800'0280   0x10  main.o [1]
  .text            ro code   0x800'0290   0x2e  main.o [1]
  .text            ro code   0x800'02be   0x1e  main.o [1]
  .text            ro code   0x800'02dc   0x14  main.o [1]
  .text            ro code   0x800'02f0   0x5e  main.o [1]
  .text            ro code   0x800'034e    0x6  main.o [1]
  .text            ro code   0x800'0354    0x6  main.o [1]
  .text            ro code   0x800'035a    0x4  main.o [1]
  .text            ro code   0x800'035e   0x3a  zero_init3.o [5]
  .text            ro code   0x800'0398   0x20  main.o [1]
  .text            ro code   0x800'03b8    0xc  main.o [1]
  .text            ro code   0x800'03c4   0x20  main.o [1]
  .text            ro code   0x800'03e4   0x12  main.o [1]
  .text            ro code   0x800'03f6    0x2  startupF411RE.o [1]
  .text            ro code   0x800'03f8   0x20  main.o [1]
  .text            ro code   0x800'0418   0x20  main.o [1]
  .text            ro code   0x800'0438   0x20  main.o [1]
  .text            ro code   0x800'0458   0x20  main.o [1]
  .text            ro code   0x800'0478   0x20  main.o [1]
  .text            ro code   0x800'0498   0x1c  main.o [1]
  .text            ro code   0x800'04b4    0x4  main.o [1]
  .text            ro code   0x800'04b8   0x18  main.o [1]
  .text            ro code   0x800'04d0    0xc  main.o [1]
  .text            ro code   0x800'04dc   0x18  main.o [1]
  .text            ro code   0x800'04f4   0x18  main.o [1]
  .text            ro code   0x800'050c   0x18  main.o [1]
  .text            ro code   0x800'0524   0x18  main.o [1]
  .text            ro code   0x800'053c   0x18  main.o [1]
  .text            ro code   0x800'0554    0xc  main.o [1]
  .text            ro code   0x800'0560    0xc  main.o [1]
  .text            ro code   0x800'056c    0x2  main.o [1]
  .text            ro code   0x800'056e    0x2  startupF411RE.o [1]
  .text            ro code   0x800'0570   0x1c  main.o [1]
  .text            ro code   0x800'058c   0x10  main.o [1]
  .text            ro code   0x800'059c    0xc  main.o [1]
  .text            ro code   0x800'05a8    0x2  main.o [1]
  .text            ro code   0x800'05aa   0x40  main.o [1]
  .rodata          const     0x800'05ea    0x1  unwind_debug.o [6]
  .text            ro code   0x800'05ec   0x20  main.o [1]
  .text            ro code   0x800'060c    0xe  main.o [1]
  .text            ro code   0x800'061a   0x12  main.o [1]
  .text            ro code   0x800'062c   0x10  main.o [1]
  .text            ro code   0x800'063c   0x10  main.o [1]
  .text            ro code   0x800'064c   0x3c  main.o [1]
  .text            ro code   0x800'0688    0x6  main.o [1]
  .text            ro code   0x800'068e    0x6  main.o [1]
  .text            ro code   0x800'0694   0x20  main.o [1]
  .text            ro code   0x800'06b4    0x4  main.o [1]
  .text            ro code   0x800'06b8   0x20  main.o [1]
  .text            ro code   0x800'06d8   0x20  main.o [1]
  .text            ro code   0x800'06f8   0x20  main.o [1]
  .text            ro code   0x800'0718   0x1c  main.o [1]
  .text            ro code   0x800'0734   0x1c  main.o [1]
  .text            ro code   0x800'0750   0x1c  main.o [1]
  .text            ro code   0x800'076c   0x1c  main.o [1]
  .text            ro code   0x800'0788    0xc  main.o [1]
  .text            ro code   0x800'0794    0xc  main.o [1]
  .text            ro code   0x800'07a0    0xc  main.o [1]
  .text            ro code   0x800'07ac   0x1c  main.o [1]
  .text            ro code   0x800'07c8   0x1c  main.o [1]
  .text            ro code   0x800'07e4   0x1c  main.o [1]
  .text            ro code   0x800'0800   0x3c  main.o [1]
  .text            ro code   0x800'083c   0x18  main.o [1]
  .text            ro code   0x800'0854   0x18  main.o [1]
  .text            ro code   0x800'086c   0x1c  main.o [1]
  .text            ro code   0x800'0888    0xc  main.o [1]
  .text            ro code   0x800'0894    0xe  main.o [1]
  .text            ro code   0x800'08a2    0xc  main.o [1]
  .text            ro code   0x800'08ae   0x16  main.o [1]
  .text            ro code   0x800'08c4   0x12  main.o [1]
  .text            ro code   0x800'08d6    0x4  main.o [1]
  .text            ro code   0x800'08da    0x8  main.o [1]
  .text            ro code   0x800'08e2    0x2  main.o [1]
  .text            ro code   0x800'08e4    0xc  main.o [1]
  .text            ro code   0x800'08f0    0x8  main.o [1]
  .text            ro code   0x800'08f8   0x3c  main.o [1]
  .text            ro code   0x800'0934   0x10  main.o [1]
  .text            ro code   0x800'0944   0x32  main.o [1]
  .text            ro code   0x800'0976   0x2e  main.o [1]
  .text            ro code   0x800'09a4   0x2e  main.o [1]
  .text            ro code   0x800'09d2   0x2e  main.o [1]
  .text            ro code   0x800'0a00   0x28  data_init.o [5]
  .text            ro code   0x800'0a28   0x22  fpinit_M.o [4]
  .iar.init_table  const     0x800'0a4c   0x10  - Linker created -
  .text            ro code   0x800'0a5c   0x1e  cmain.o [5]
  .text            ro code   0x800'0a7a    0x4  exit.o [2]
  .text            ro code   0x800'0a80    0xa  cexit.o [5]
  .text            ro code   0x800'0a8c   0x14  exit.o [6]
  .rodata          const     0x800'0aa0   0x1c  main.o [1]
  .rodata          const     0x800'0abc   0x1c  main.o [1]
  .rodata          const     0x800'0ad8   0x1c  main.o [1]
  .rodata          const     0x800'0af4   0x1c  main.o [1]
  .rodata          const     0x800'0b10   0x1c  main.o [1]
  .rodata          const     0x800'0b2c   0x1c  main.o [1]
  .rodata          const     0x800'0b48   0x1c  main.o [1]
  .rodata          const     0x800'0b64   0x1c  main.o [1]
  .rodata          const     0x800'0b80   0x1c  main.o [1]
  .text            ro code   0x800'0b9c   0x1c  main.o [1]
  .text            ro code   0x800'0bb8    0xa  main.o [1]
  .text            ro code   0x800'0bc2   0x1c  main.o [1]
  .text            ro code   0x800'0bde   0x1c  main.o [1]
  .text            ro code   0x800'0bfa   0x1c  main.o [1]
  .text            ro code   0x800'0c16   0x14  startupF411RE.o [1]
  .text            ro code   0x800'0c2a   0x12  main.o [1]
  .rodata          const     0x800'0c3c   0x10  main.o [1]
  .rodata          const     0x800'0c4c   0x10  main.o [1]
  .rodata          const     0x800'0c5c   0x10  main.o [1]
  .rodata          const     0x800'0c6c   0x10  main.o [1]
  .rodata          const     0x800'0c7c   0x10  main.o [1]
  .rodata          const     0x800'0c8c   0x10  main.o [1]
  .rodata          const     0x800'0c9c   0x10  main.o [1]
  .text            ro code   0x800'0cac   0x10  irqcontroller.o [1]
  .text            ro code   0x800'0cbc   0x10  main.o [1]
  .text            ro code   0x800'0ccc    0x8  main.o [1]
  .text            ro code   0x800'0cd4   0x10  main.o [1]
  .text            ro code   0x800'0ce4   0x10  main.o [1]
  .text            ro code   0x800'0cf4   0x10  main.o [1]
  .text            ro code   0x800'0d04   0x10  main.o [1]
  .text            ro code   0x800'0d14   0x10  main.o [1]
  .text            ro code   0x800'0d24   0x10  main.o [1]
  .text            ro code   0x800'0d34   0x10  main.o [1]
  .text            ro code   0x800'0d44   0x10  main.o [1]
  .text            ro code   0x800'0d54    0xc  main.o [1]
  .text            ro code   0x800'0d60   0x10  main.o [1]
  .text            ro code   0x800'0d70   0x10  main.o [1]
  .text            ro code   0x800'0d80   0x10  main.o [1]
  .text            ro code   0x800'0d90   0x10  main.o [1]
  .rodata          const     0x800'0da0    0x0  zero_init3.o [5]
                           - 0x800'0da0  0xc08

"P2", part 1 of 2:                        0x98
  .bss             zero     0x2000'0000   0x1c  main.o [1]
  .bss             zero     0x2000'001c   0x10  main.o [1]
  .bss             zero     0x2000'002c    0x8  main.o [1]
  .bss             zero     0x2000'0034    0x8  main.o [1]
  .bss             zero     0x2000'003c    0x8  main.o [1]
  .bss             zero     0x2000'0044    0x8  main.o [1]
  .bss             zero     0x2000'004c    0x8  main.o [1]
  .bss             zero     0x2000'0054    0x8  main.o [1]
  .bss             zero     0x2000'005c    0x8  main.o [1]
  .bss             zero     0x2000'0064    0x8  main.o [1]
  .bss             zero     0x2000'006c    0x8  main.o [1]
  .bss             zero     0x2000'0074    0x8  main.o [1]
  .bss             zero     0x2000'007c    0x8  main.o [1]
  .bss             zero     0x2000'0084    0x4  main.o [1]
  .bss             zero     0x2000'0088    0x1  main.o [1]
  .bss             zero     0x2000'0089    0x1  main.o [1]
  .bss             zero     0x2000'008a    0x1  main.o [1]
  .bss             zero     0x2000'008b    0x1  main.o [1]
  .bss             zero     0x2000'008c    0x1  main.o [1]
  .bss             zero     0x2000'008d    0x1  main.o [1]
  .bss             zero     0x2000'008e    0x1  main.o [1]
  .bss             zero     0x2000'008f    0x1  main.o [1]
  .bss             zero     0x2000'0090    0x1  main.o [1]
  .bss             zero     0x2000'0091    0x1  main.o [1]
  .bss             zero     0x2000'0092    0x1  main.o [1]
  .bss             zero     0x2000'0093    0x1  main.o [1]
  .bss             zero     0x2000'0094    0x1  main.o [1]
  .bss             zero     0x2000'0095    0x1  main.o [1]
                          - 0x2000'0096   0x96

"P2", part 2 of 2:                       0x100
  CSTACK                    0x2000'0098  0x100  <Block>
    CSTACK         uninit   0x2000'0098  0x100  <Block tail>
                          - 0x2000'0198  0x100

Unused ranges:

         From           To      Size
         ----           --      ----
   0x800'0da0   0x807'ffff  0x7'f260
  0x2000'0198  0x2001'ffff  0x1'fe68


*******************************************************************************
*** INIT TABLE
***

          Address      Size
          -------      ----
Zero (__iar_zero_init3)
    1 destination range, total size 0x96:
          0x2000'0000  0x96



*******************************************************************************
*** MODULE SUMMARY
***

    Module           ro code  ro data  rw data
    ------           -------  -------  -------
command line/config:
    ------------------------------------------
    Total:

E:\Projects\ARM_LAB\stm32Labs\LabAdcLedsBegin\Debug\Obj: [1]
    irqcontroller.o       16
    main.o             2 456      364      150
    startupF411RE.o       24      408
    ------------------------------------------
    Total:             2 496      772      150

dl7M_tln.a: [2]
    exit.o                 4
    ------------------------------------------
    Total:                 4

dlpp7M_tl_nc.a: [3]
    ------------------------------------------
    Total:

m7M_tls.a: [4]
    fpinit_M.o            34
    ------------------------------------------
    Total:                34

rt7M_tl.a: [5]
    cexit.o               10
    cmain.o               30
    data_init.o           40
    zero_init3.o          58
    ------------------------------------------
    Total:               138

shb_l.a: [6]
    exit.o                20
    unwind_debug.o                  1
    ------------------------------------------
    Total:                20        1

    Gaps                   5        2
    Linker created                 16      256
----------------------------------------------
    Grand Total:       2 697      791      406


*******************************************************************************
*** ENTRY LIST
***

Entry                       Address   Size  Type      Object
-----                       -------   ----  ----      ------
.iar.init_table$$Base    0x800'0a4c          --   Gb  - Linker created -
.iar.init_table$$Limit   0x800'0a5c          --   Gb  - Linker created -
?main                    0x800'0a5d         Code  Gb  cmain.o [5]
Button::Button(IPort &)
                         0x800'04b5    0x4  Code  Gb  main.o [1]
Button::Button(IPort &) [subobject]
                         0x800'03b9    0xc  Code  Gb  main.o [1]
Button::IsPressed() const
                         0x800'0281   0x10  Code  Gb  main.o [1]
CSTACK$$Base            0x2000'0098          --   Gb  - Linker created -
CSTACK$$Limit           0x2000'0198          --   Gb  - Linker created -
Delay(unsigned long)     0x800'01e7    0xe  Code  Gb  main.o [1]
DummyModule::handler()   0x800'0c17    0x2  Code  Gb  startupF411RE.o [1]
GpioPort<(unsigned long)13>::Clear()
                         0x800'0d05   0x10  Code  Gb  main.o [1]
GpioPort<(unsigned long)13>::GetState() const
                         0x800'0b9d   0x1c  Code  Gb  main.o [1]
GpioPort<(unsigned long)13>::GpioPort(GPIO_TypeDef &)
                         0x800'0571   0x1c  Code  Gb  main.o [1]
GpioPort<(unsigned long)13>::GpioPort(GPIO_TypeDef &) [subobject]
                         0x800'0555    0xc  Code  Gb  main.o [1]
GpioPort<(unsigned long)13>::Set()
                         0x800'0cbd   0x10  Code  Gb  main.o [1]
GpioPort<(unsigned long)13>::Toggle()
                         0x800'0d45   0x10  Code  Gb  main.o [1]
GpioPort<(unsigned long)5>::Clear()
                         0x800'0d15   0x10  Code  Gb  main.o [1]
GpioPort<(unsigned long)5>::GetState() const
                         0x800'0bc3   0x1c  Code  Gb  main.o [1]
GpioPort<(unsigned long)5>::GpioPort(GPIO_TypeDef &)
                         0x800'07ad   0x1c  Code  Gb  main.o [1]
GpioPort<(unsigned long)5>::GpioPort(GPIO_TypeDef &) [subobject]
                         0x800'0789    0xc  Code  Gb  main.o [1]
GpioPort<(unsigned long)5>::Set()
                         0x800'0cd5   0x10  Code  Gb  main.o [1]
GpioPort<(unsigned long)5>::Toggle()
                         0x800'0d61   0x10  Code  Gb  main.o [1]
GpioPort<(unsigned long)8>::Clear()
                         0x800'0d35   0x10  Code  Gb  main.o [1]
GpioPort<(unsigned long)8>::GetState() const
                         0x800'0bfb   0x1c  Code  Gb  main.o [1]
GpioPort<(unsigned long)8>::GpioPort(GPIO_TypeDef &)
                         0x800'07e5   0x1c  Code  Gb  main.o [1]
GpioPort<(unsigned long)8>::GpioPort(GPIO_TypeDef &) [subobject]
                         0x800'07a1    0xc  Code  Gb  main.o [1]
GpioPort<(unsigned long)8>::Set()
                         0x800'0cf5   0x10  Code  Gb  main.o [1]
GpioPort<(unsigned long)8>::Toggle()
                         0x800'0d81   0x10  Code  Gb  main.o [1]
GpioPort<(unsigned long)9>::Clear()
                         0x800'0d25   0x10  Code  Gb  main.o [1]
GpioPort<(unsigned long)9>::GetState() const
                         0x800'0bdf   0x1c  Code  Gb  main.o [1]
GpioPort<(unsigned long)9>::GpioPort(GPIO_TypeDef &)
                         0x800'07c9   0x1c  Code  Gb  main.o [1]
GpioPort<(unsigned long)9>::GpioPort(GPIO_TypeDef &) [subobject]
                         0x800'0795    0xc  Code  Gb  main.o [1]
GpioPort<(unsigned long)9>::Set()
                         0x800'0ce5   0x10  Code  Gb  main.o [1]
GpioPort<(unsigned long)9>::Toggle()
                         0x800'0d71   0x10  Code  Gb  main.o [1]
GpioPortA<(unsigned long)5>::GpioPortA()
                         0x800'0719   0x1c  Code  Gb  main.o [1]
GpioPortC<(unsigned long)13>::GpioPortC()
                         0x800'0499   0x1c  Code  Gb  main.o [1]
GpioPortC<(unsigned long)5>::GpioPortC()
                         0x800'076d   0x1c  Code  Gb  main.o [1]
GpioPortC<(unsigned long)8>::GpioPortC()
                         0x800'0751   0x1c  Code  Gb  main.o [1]
GpioPortC<(unsigned long)9>::GpioPortC()
                         0x800'0735   0x1c  Code  Gb  main.o [1]
IPort::IPort()           0x800'05a9    0x2  Code  Gb  main.o [1]
IPort::IPort() [subobject]
                         0x800'059d    0xc  Code  Gb  main.o [1]
Initialization guard variable for Singleton<GpioPortA<(unsigned long)5>>::GetInstance()::instance
                        0x2000'008b    0x1  Data  Gb  main.o [1]
Initialization guard variable for Singleton<GpioPortC<(unsigned long)13>>::GetInstance()::instance
                        0x2000'0089    0x1  Data  Gb  main.o [1]
Initialization guard variable for Singleton<GpioPortC<(unsigned long)5>>::GetInstance()::instance
                        0x2000'008e    0x1  Data  Gb  main.o [1]
Initialization guard variable for Singleton<GpioPortC<(unsigned long)8>>::GetInstance()::instance
                        0x2000'008d    0x1  Data  Gb  main.o [1]
Initialization guard variable for Singleton<GpioPortC<(unsigned long)9>>::GetInstance()::instance
                        0x2000'008c    0x1  Data  Gb  main.o [1]
Initialization guard variable for Singleton<LedsController>::GetInstance()::instance
                        0x2000'0095    0x1  Data  Gb  main.o [1]
Initialization guard variable for Singleton<LedsDriver>::GetInstance()::instance
                        0x2000'008a    0x1  Data  Gb  main.o [1]
Initialization guard variable for Singleton<LedsModeAdc>::GetInstance()::instance
                        0x2000'0094    0x1  Data  Gb  main.o [1]
Initialization guard variable for Singleton<LedsModeAll>::GetInstance()::instance
                        0x2000'0091    0x1  Data  Gb  main.o [1]
Initialization guard variable for Singleton<LedsModeChess>::GetInstance()::instance
                        0x2000'0090    0x1  Data  Gb  main.o [1]
Initialization guard variable for Singleton<LedsModeFirstPair>::GetInstance()::instance
                        0x2000'0092    0x1  Data  Gb  main.o [1]
Initialization guard variable for Singleton<LedsModeInsideOutside>::GetInstance()::instance
                        0x2000'0093    0x1  Data  Gb  main.o [1]
Initialization guard variable for Singleton<LedsModeTree>::GetInstance()::instance
                        0x2000'008f    0x1  Data  Gb  main.o [1]
Initialization guard variable for Singleton<UserButton>::GetInstance()::instance
                        0x2000'0088    0x1  Data  Gb  main.o [1]
IrqController::HandleIrqExtiLine15_10()
                         0x800'0cad   0x10  Code  Gb  irqcontroller.o [1]
Led * std::_Addressof<Led>(Led &, std::integral_constant<bool, (bool)0>)
                         0x800'08e3    0x2  Code  Gb  main.o [1]
Led * std::addressof<Led>(Led &)
                         0x800'08a3    0xc  Code  Gb  main.o [1]
Led::Led(IPort &)        0x800'06b5    0x4  Code  Gb  main.o [1]
Led::SwitchOff()         0x800'063d   0x10  Code  Gb  main.o [1]
Led::SwitchOn()          0x800'062d   0x10  Code  Gb  main.o [1]
Led::Toggle()            0x800'0935   0x10  Code  Gb  main.o [1]
LedsController::LedsController()
                         0x800'02f1   0x5e  Code  Gb  main.o [1]
LedsController::NextMode()
                         0x800'0291   0x2e  Code  Gb  main.o [1]
LedsController::Update(unsigned char)
                         0x800'02bf   0x1e  Code  Gb  main.o [1]
LedsDriver::GetLed(LedNum)
                         0x800'061b   0x12  Code  Gb  main.o [1]
LedsDriver::GetLedsCount()
                         0x800'060d    0xe  Code  Gb  main.o [1]
LedsDriver::LedsDriver()
                         0x800'064d   0x3c  Code  Gb  main.o [1]
LedsDriver::SwitchOffAll()
                         0x800'0801   0x3c  Code  Gb  main.o [1]
LedsDriver::ToggleAll()
                         0x800'08f9   0x3c  Code  Gb  main.o [1]
LedsMode * std::_Addressof<LedsMode>(LedsMode &, std::integral_constant<bool, (bool)0>)
                         0x800'056d    0x2  Code  Gb  main.o [1]
LedsMode * std::addressof<LedsMode>(LedsMode &)
                         0x800'04d1    0xc  Code  Gb  main.o [1]
LedsMode::Do(unsigned char)
                         0x800'0d91   0x10  Code  Gb  main.o [1]
LedsMode::LedsMode()     0x800'058d   0x10  Code  Gb  main.o [1]
LedsMode::LedsMode() [subobject]
                         0x800'0561    0xc  Code  Gb  main.o [1]
LedsMode::Reset()        0x800'0c2b   0x12  Code  Gb  main.o [1]
LedsModeAdc::Do(unsigned char)
                         0x800'05ab   0x40  Code  Gb  main.o [1]
LedsModeAdc::LedsModeAdc()
                         0x800'053d   0x18  Code  Gb  main.o [1]
LedsModeAll::LedsModeAll()
                         0x800'04f5   0x18  Code  Gb  main.o [1]
LedsModeChess::LedsModeChess()
                         0x800'04dd   0x18  Code  Gb  main.o [1]
LedsModeChess::Reset()   0x800'0977   0x2e  Code  Gb  main.o [1]
LedsModeFirstPair::LedsModeFirstPair()
                         0x800'050d   0x18  Code  Gb  main.o [1]
LedsModeFirstPair::Reset()
                         0x800'09a5   0x2e  Code  Gb  main.o [1]
LedsModeInsideOutside::LedsModeInsideOutside()
                         0x800'0525   0x18  Code  Gb  main.o [1]
LedsModeInsideOutside::Reset()
                         0x800'09d3   0x2e  Code  Gb  main.o [1]
LedsModeTree::Do(unsigned char)
                         0x800'0945   0x32  Code  Gb  main.o [1]
LedsModeTree::LedsModeTree()
                         0x800'04b9   0x18  Code  Gb  main.o [1]
Region$$Table$$Base      0x800'0a4c          --   Gb  - Linker created -
Region$$Table$$Limit     0x800'0a5c          --   Gb  - Linker created -
Singleton<GpioPortA<(unsigned long)5>>::GetInstance()
                         0x800'0695   0x20  Code  Gb  main.o [1]
Singleton<GpioPortA<(unsigned long)5>>::GetInstance()::instance
                        0x2000'0034    0x8  Data  Gb  main.o [1]
Singleton<GpioPortC<(unsigned long)13>>::GetInstance()
                         0x800'0399   0x20  Code  Gb  main.o [1]
Singleton<GpioPortC<(unsigned long)13>>::GetInstance()::instance
                        0x2000'002c    0x8  Data  Gb  main.o [1]
Singleton<GpioPortC<(unsigned long)5>>::GetInstance()
                         0x800'06f9   0x20  Code  Gb  main.o [1]
Singleton<GpioPortC<(unsigned long)5>>::GetInstance()::instance
                        0x2000'004c    0x8  Data  Gb  main.o [1]
Singleton<GpioPortC<(unsigned long)8>>::GetInstance()
                         0x800'06d9   0x20  Code  Gb  main.o [1]
Singleton<GpioPortC<(unsigned long)8>>::GetInstance()::instance
                        0x2000'0044    0x8  Data  Gb  main.o [1]
Singleton<GpioPortC<(unsigned long)9>>::GetInstance()
                         0x800'06b9   0x20  Code  Gb  main.o [1]
Singleton<GpioPortC<(unsigned long)9>>::GetInstance()::instance
                        0x2000'003c    0x8  Data  Gb  main.o [1]
Singleton<LedsController>::GetInstance()
                         0x800'0261   0x20  Code  Gb  main.o [1]
Singleton<LedsController>::GetInstance()::instance
                        0x2000'0000   0x1c  Data  Gb  main.o [1]
Singleton<LedsDriver>::GetInstance()
                         0x800'05ed   0x20  Code  Gb  main.o [1]
Singleton<LedsDriver>::GetInstance()::instance
                        0x2000'001c   0x10  Data  Gb  main.o [1]
Singleton<LedsModeAdc>::GetInstance()
                         0x800'0479   0x20  Code  Gb  main.o [1]
Singleton<LedsModeAdc>::GetInstance()::instance
                        0x2000'007c    0x8  Data  Gb  main.o [1]
Singleton<LedsModeAll>::GetInstance()
                         0x800'0419   0x20  Code  Gb  main.o [1]
Singleton<LedsModeAll>::GetInstance()::instance
                        0x2000'0064    0x8  Data  Gb  main.o [1]
Singleton<LedsModeChess>::GetInstance()
                         0x800'03f9   0x20  Code  Gb  main.o [1]
Singleton<LedsModeChess>::GetInstance()::instance
                        0x2000'005c    0x8  Data  Gb  main.o [1]
Singleton<LedsModeFirstPair>::GetInstance()
                         0x800'0439   0x20  Code  Gb  main.o [1]
Singleton<LedsModeFirstPair>::GetInstance()::instance
                        0x2000'006c    0x8  Data  Gb  main.o [1]
Singleton<LedsModeInsideOutside>::GetInstance()
                         0x800'0459   0x20  Code  Gb  main.o [1]
Singleton<LedsModeInsideOutside>::GetInstance()::instance
                        0x2000'0074    0x8  Data  Gb  main.o [1]
Singleton<LedsModeTree>::GetInstance()
                         0x800'03c5   0x20  Code  Gb  main.o [1]
Singleton<LedsModeTree>::GetInstance()::instance
                        0x2000'0054    0x8  Data  Gb  main.o [1]
Singleton<UserButton>::GetInstance()
                         0x800'0241   0x20  Code  Gb  main.o [1]
Singleton<UserButton>::GetInstance()::instance
                        0x2000'0084    0x4  Data  Gb  main.o [1]
UserButton::UserButton()
                         0x800'02dd   0x14  Code  Gb  main.o [1]
Virtual function table for GpioPort<(unsigned long)13>
                         0x800'0aa0   0x1c  Data  Gb  main.o [1]
Virtual function table for GpioPort<(unsigned long)5>
                         0x800'0ad8   0x1c  Data  Gb  main.o [1]
Virtual function table for GpioPort<(unsigned long)8>
                         0x800'0b48   0x1c  Data  Gb  main.o [1]
Virtual function table for GpioPort<(unsigned long)9>
                         0x800'0b10   0x1c  Data  Gb  main.o [1]
Virtual function table for GpioPortA<(unsigned long)5>
                         0x800'0af4   0x1c  Data  Gb  main.o [1]
Virtual function table for GpioPortC<(unsigned long)13>
                         0x800'0abc   0x1c  Data  Gb  main.o [1]
Virtual function table for GpioPortC<(unsigned long)5>
                         0x800'0b80   0x1c  Data  Gb  main.o [1]
Virtual function table for GpioPortC<(unsigned long)8>
                         0x800'0b64   0x1c  Data  Gb  main.o [1]
Virtual function table for GpioPortC<(unsigned long)9>
                         0x800'0b2c   0x1c  Data  Gb  main.o [1]
Virtual function table for LedsMode
                         0x800'0c3c   0x10  Data  Gb  main.o [1]
Virtual function table for LedsModeAdc
                         0x800'0c8c   0x10  Data  Gb  main.o [1]
Virtual function table for LedsModeAll
                         0x800'0c9c   0x10  Data  Gb  main.o [1]
Virtual function table for LedsModeChess
                         0x800'0c5c   0x10  Data  Gb  main.o [1]
Virtual function table for LedsModeFirstPair
                         0x800'0c6c   0x10  Data  Gb  main.o [1]
Virtual function table for LedsModeInsideOutside
                         0x800'0c7c   0x10  Data  Gb  main.o [1]
Virtual function table for LedsModeTree
                         0x800'0c4c   0x10  Data  Gb  main.o [1]
__cmain                  0x800'0a5d         Code  Gb  cmain.o [5]
__exit                   0x800'0a8d   0x14  Code  Gb  exit.o [6]
__iar_data_init3         0x800'0a01   0x28  Code  Gb  data_init.o [5]
__iar_debug_exceptions   0x800'05ea    0x1  Data  Gb  unwind_debug.o [6]
__iar_init_vfp           0x800'0a29         Code  Gb  fpinit_M.o [4]
__iar_program_start      0x800'0c19   0x10  Code  Gb  startupF411RE.o [1]
__iar_zero_init3         0x800'035f   0x3a  Code  Gb  zero_init3.o [5]
__low_level_init         0x800'0199   0x4e  Code  Gb  main.o [1]
__vector_table           0x800'0000  0x198  Data  Gb  startupF411RE.o [1]
_call_main               0x800'0a69         Code  Gb  cmain.o [5]
_exit                    0x800'0a81         Code  Gb  cexit.o [5]
_main                    0x800'0a77         Code  Gb  cmain.o [5]
bool utils::checkBit<unsigned int volatile, unsigned long>(unsigned int volatile const &, unsigned long)
                         0x800'0bb9    0xa  Code  Gb  main.o [1]
exit                     0x800'0a7b    0x4  Code  Gb  exit.o [2]
main                     0x800'01f5   0x2e  Code  Gb  main.o [1]
std::_Array_const_iterator<Led, (unsigned int)4>::_Array_const_iterator(Led const *, unsigned int)
                         0x800'08f1    0x8  Code  Gb  main.o [1]
std::_Array_const_iterator<Led, (unsigned int)4>::_Array_const_iterator(Led const *, unsigned int) [subobject]
                         0x800'08e5    0xc  Code  Gb  main.o [1]
std::_Array_const_iterator<Led, (unsigned int)4>::operator !=(const std::_Array_const_iterator<Led, (unsigned int)4>&) const
                         0x800'086d   0x1c  Code  Gb  main.o [1]
std::_Array_const_iterator<Led, (unsigned int)4>::operator *() const
                         0x800'08d7    0x4  Code  Gb  main.o [1]
std::_Array_const_iterator<Led, (unsigned int)4>::operator ++()
                         0x800'08db    0x8  Code  Gb  main.o [1]
std::_Array_const_iterator<Led, (unsigned int)4>::operator ==(const std::_Array_const_iterator<Led, (unsigned int)4>&) const
                         0x800'08c5   0x12  Code  Gb  main.o [1]
std::_Array_iterator<Led, (unsigned int)4>::_Array_iterator(Led *, unsigned int)
                         0x800'08af   0x16  Code  Gb  main.o [1]
std::_Array_iterator<Led, (unsigned int)4>::operator *() const
                         0x800'0889    0xc  Code  Gb  main.o [1]
std::_Array_iterator<Led, (unsigned int)4>::operator ++()
                         0x800'0895    0xe  Code  Gb  main.o [1]
std::array<Led, (unsigned int)4>::begin()
                         0x800'083d   0x18  Code  Gb  main.o [1]
std::array<Led, (unsigned int)4>::end()
                         0x800'0855   0x18  Code  Gb  main.o [1]
std::array<Led, (unsigned int)4>::operator [](unsigned int)
                         0x800'068f    0x6  Code  Gb  main.o [1]
std::array<Led, (unsigned int)4>::size() const
                         0x800'0689    0x6  Code  Gb  main.o [1]
std::array<std::reference_wrapper<LedsMode>, (unsigned int)6>::operator [](unsigned int)
                         0x800'0355    0x6  Code  Gb  main.o [1]
std::array<std::reference_wrapper<LedsMode>, (unsigned int)6>::size() const
                         0x800'034f    0x6  Code  Gb  main.o [1]
std::reference_wrapper<LedsMode>::get() const
                         0x800'035b    0x4  Code  Gb  main.o [1]
std::reference_wrapper<LedsMode>::reference_wrapper(LedsMode &)
                         0x800'03e5   0x12  Code  Gb  main.o [1]
void utils::setBitValue<unsigned int volatile, unsigned long>(unsigned int volatile &, unsigned long)
                         0x800'0ccd    0x8  Code  Gb  main.o [1]
void utils::toggleBit<unsigned int volatile, unsigned long>(unsigned int volatile &, unsigned long)
                         0x800'0d55    0xc  Code  Gb  main.o [1]


[1] = E:\Projects\ARM_LAB\stm32Labs\LabAdcLedsBegin\Debug\Obj
[2] = dl7M_tln.a
[3] = dlpp7M_tl_nc.a
[4] = m7M_tls.a
[5] = rt7M_tl.a
[6] = shb_l.a

  2 697 bytes of readonly  code memory
    791 bytes of readonly  data memory
    406 bytes of readwrite data memory

Errors: none
Warnings: none
