###############################################################################
#
# IAR ELF Linker V8.30.1.114/W32 for ARM                  30/Aug/2018  14:57:33
# Copyright 2007-2018 IAR Systems AB.
#
#    Output file  =  
#        E:\Projects\ARM_LAB\stm32Labs\LabAdcEnd\Debug\Exe\adcend.out
#    Map file     =  
#        E:\Projects\ARM_LAB\stm32Labs\LabAdcEnd\Debug\List\adcend.map
#    Command line =  
#        -f C:\Users\Sergey\AppData\Local\Temp\EWFBAF.tmp
#        (E:\Projects\ARM_LAB\stm32Labs\LabAdcEnd\Debug\Obj\irqcontroller.o
#        E:\Projects\ARM_LAB\stm32Labs\LabAdcEnd\Debug\Obj\ledscontroller.o
#        E:\Projects\ARM_LAB\stm32Labs\LabAdcEnd\Debug\Obj\main.o
#        E:\Projects\ARM_LAB\stm32Labs\LabAdcEnd\Debug\Obj\startupF411RE.o
#        --no_out_extension -o
#        E:\Projects\ARM_LAB\stm32Labs\LabAdcEnd\Debug\Exe\adcend.out
#        --redirect _Printf=_PrintfFullNoMb --redirect _Scanf=_ScanfFullNoMb
#        --map E:\Projects\ARM_LAB\stm32Labs\LabAdcEnd\Debug\List\adcend.map
#        --config E:\Projects\ARM_LAB\stm32Labs\LabAdcEnd\stm32f411xE.icf
#        --semihosting --entry __iar_program_start --vfe --text_out locale)
#
###############################################################################

*******************************************************************************
*** RUNTIME MODEL ATTRIBUTES
***

CppFlavor        = *
__CPP_Exceptions = Disabled
__CPP_Language   = C++14
__Heap_Handler   = Basic
__SystemLibrary  = DLib
__dlib_version   = 6


*******************************************************************************
*** HEAP SELECTION
***

The basic heap was selected because no calls to memory allocation
functions were found in the application outside of system library
functions, and there are calls to deallocation functions in the
application.


*******************************************************************************
*** PLACEMENT SUMMARY
***

"A0":  place at 0x800'0000 { ro section .intvec };
"P1":  place in [from 0x800'0000 to 0x807'ffff] { ro };
define block CSTACK with size = 256, alignment = 8 { };
define block HEAP with size = 0M, alignment = 8 { };
"P2":  place in [from 0x2000'0000 to 0x2001'ffff] {
          rw, block CSTACK, block HEAP };

  Section          Kind         Address   Size  Object
  -------          ----         -------   ----  ------
"A0":                                    0x198
  .intvec          const     0x800'0000  0x198  startupF411RE.o [1]
                           - 0x800'0198  0x198

"P1":                                    0x569
  .text            ro code   0x800'0198  0x11c  main.o [1]
  .text            ro code   0x800'02b4   0xd4  ledscontroller.o [1]
  .text            ro code   0x800'0388   0xb4  main.o [1]
  .text            ro code   0x800'043c   0x3a  zero_init3.o [5]
  .text            ro code   0x800'0476    0xe  main.o [1]
  .text            ro code   0x800'0484   0x28  data_init.o [5]
  .text            ro code   0x800'04ac   0x22  fpinit_M.o [4]
  .iar.init_table  const     0x800'04d0   0x10  - Linker created -
  .text            ro code   0x800'04e0    0xe  main.o [1]
  .text            ro code   0x800'04f0   0x1e  cmain.o [5]
  .text            ro code   0x800'050e    0x4  exit.o [2]
  .text            ro code   0x800'0512    0xe  main.o [1]
  .text            ro code   0x800'0520    0xa  cexit.o [5]
  .text            ro code   0x800'052a    0xe  main.o [1]
  .text            ro code   0x800'0538   0x14  exit.o [6]
  .rodata          const     0x800'054c   0x1c  main.o [1]
  .rodata          const     0x800'0568   0x1c  main.o [1]
  .rodata          const     0x800'0584   0x1c  main.o [1]
  .rodata          const     0x800'05a0   0x1c  main.o [1]
  .rodata          const     0x800'05bc   0x1c  main.o [1]
  .rodata          const     0x800'05d8   0x1c  main.o [1]
  .rodata          const     0x800'05f4   0x1c  main.o [1]
  .rodata          const     0x800'0610   0x1c  main.o [1]
  .rodata          const     0x800'062c   0x1c  main.o [1]
  .text            ro code   0x800'0648   0x16  startupF411RE.o [1]
  .text            ro code   0x800'065e    0xa  main.o [1]
  .text            ro code   0x800'0668   0x10  irqcontroller.o [1]
  .text            ro code   0x800'0678   0x10  main.o [1]
  .text            ro code   0x800'0688   0x10  main.o [1]
  .text            ro code   0x800'0698   0x10  main.o [1]
  .text            ro code   0x800'06a8   0x10  main.o [1]
  .text            ro code   0x800'06b8    0xa  main.o [1]
  .text            ro code   0x800'06c2    0xa  main.o [1]
  .text            ro code   0x800'06cc    0xa  main.o [1]
  .text            ro code   0x800'06d6    0xa  main.o [1]
  .text            ro code   0x800'06e0    0xa  main.o [1]
  .text            ro code   0x800'06ea    0xa  main.o [1]
  .text            ro code   0x800'06f4    0x8  main.o [1]
  .text            ro code   0x800'06fc    0x2  startupF411RE.o [1]
  .text            ro code   0x800'06fe    0x2  startupF411RE.o [1]
  .rodata          const     0x800'0700    0x1  unwind_debug.o [6]
  .rodata          const     0x800'0701    0x0  zero_init3.o [5]
                           - 0x800'0701  0x569

"P2", part 1 of 2:                        0x4c
  .bss             zero     0x2000'0000   0x10  main.o [1]
  .bss             zero     0x2000'0010    0x8  main.o [1]
  .bss             zero     0x2000'0018    0x8  main.o [1]
  .bss             zero     0x2000'0020    0x8  main.o [1]
  .bss             zero     0x2000'0028    0x8  main.o [1]
  .bss             zero     0x2000'0030    0x8  main.o [1]
  .bss             zero     0x2000'0038    0x8  main.o [1]
  .bss             zero     0x2000'0040    0x4  main.o [1]
  .bss             zero     0x2000'0044    0x1  main.o [1]
  .bss             zero     0x2000'0045    0x1  main.o [1]
  .bss             zero     0x2000'0046    0x1  main.o [1]
  .bss             zero     0x2000'0047    0x1  main.o [1]
  .bss             zero     0x2000'0048    0x1  main.o [1]
  .bss             zero     0x2000'0049    0x1  main.o [1]
  .bss             zero     0x2000'004a    0x1  main.o [1]
  .bss             zero     0x2000'004b    0x1  main.o [1]
                          - 0x2000'004c   0x4c

"P2", part 2 of 2:                       0x100
  CSTACK                    0x2000'0050  0x100  <Block>
    CSTACK         uninit   0x2000'0050  0x100  <Block tail>
                          - 0x2000'0150  0x100

Unused ranges:

         From           To      Size
         ----           --      ----
   0x800'0701   0x807'ffff  0x7'f8ff
  0x2000'004c  0x2000'004f       0x4
  0x2000'0150  0x2001'ffff  0x1'feb0


*******************************************************************************
*** INIT TABLE
***

          Address      Size
          -------      ----
Zero (__iar_zero_init3)
    1 destination range, total size 0x4c:
          0x2000'0000  0x4c



*******************************************************************************
*** MODULE SUMMARY
***

    Module            ro code  ro data  rw data
    ------            -------  -------  -------
command line/config:
    -------------------------------------------
    Total:

E:\Projects\ARM_LAB\stm32Labs\LabAdcEnd\Debug\Obj: [1]
    irqcontroller.o        16
    ledscontroller.o      212
    main.o                662      252       76
    startupF411RE.o        26      408
    -------------------------------------------
    Total:                916      660       76

dl7M_tln.a: [2]
    exit.o                  4
    -------------------------------------------
    Total:                  4

dlpp7M_tl_nc.a: [3]
    -------------------------------------------
    Total:

m7M_tls.a: [4]
    fpinit_M.o             34
    -------------------------------------------
    Total:                 34

rt7M_tl.a: [5]
    cexit.o                10
    cmain.o                30
    data_init.o            40
    zero_init3.o           58
    -------------------------------------------
    Total:                138

shb_l.a: [6]
    exit.o                 20
    unwind_debug.o                   1
    -------------------------------------------
    Total:                 20        1

    Gaps                    2        2
    Linker created                  16      256
-----------------------------------------------
    Grand Total:        1 114      679      332


*******************************************************************************
*** ENTRY LIST
***

Entry                       Address   Size  Type      Object
-----                       -------   ----  ----      ------
.iar.init_table$$Base    0x800'04d0          --   Gb  - Linker created -
.iar.init_table$$Limit   0x800'04e0          --   Gb  - Linker created -
?main                    0x800'04f1         Code  Gb  cmain.o [5]
CSTACK$$Base            0x2000'0050          --   Gb  - Linker created -
CSTACK$$Limit           0x2000'0150          --   Gb  - Linker created -
DummyModule::handler()   0x800'0649    0x2  Code  Gb  startupF411RE.o [1]
GpioPort<GPIO_TypeDef, (unsigned long)13>::Clear()
                         0x800'06cd    0xa  Code  Gb  main.o [1]
GpioPort<GPIO_TypeDef, (unsigned long)13>::GetState() const
                         0x800'0679   0x10  Code  Gb  main.o [1]
GpioPort<GPIO_TypeDef, (unsigned long)13>::Set()
                         0x800'065f    0xa  Code  Gb  main.o [1]
GpioPort<GPIO_TypeDef, (unsigned long)13>::Toggle()
                         0x800'0477    0xe  Code  Gb  main.o [1]
GpioPort<GPIO_TypeDef, (unsigned long)5>::Clear()
                         0x800'06d7    0xa  Code  Gb  main.o [1]
GpioPort<GPIO_TypeDef, (unsigned long)5>::GetState() const
                         0x800'0689   0x10  Code  Gb  main.o [1]
GpioPort<GPIO_TypeDef, (unsigned long)5>::Set()
                         0x800'06f5    0x8  Code  Gb  main.o [1]
GpioPort<GPIO_TypeDef, (unsigned long)5>::Toggle()
                         0x800'04e1    0xe  Code  Gb  main.o [1]
GpioPort<GPIO_TypeDef, (unsigned long)8>::Clear()
                         0x800'06eb    0xa  Code  Gb  main.o [1]
GpioPort<GPIO_TypeDef, (unsigned long)8>::GetState() const
                         0x800'06a9   0x10  Code  Gb  main.o [1]
GpioPort<GPIO_TypeDef, (unsigned long)8>::Set()
                         0x800'06c3    0xa  Code  Gb  main.o [1]
GpioPort<GPIO_TypeDef, (unsigned long)8>::Toggle()
                         0x800'052b    0xe  Code  Gb  main.o [1]
GpioPort<GPIO_TypeDef, (unsigned long)9>::Clear()
                         0x800'06e1    0xa  Code  Gb  main.o [1]
GpioPort<GPIO_TypeDef, (unsigned long)9>::GetState() const
                         0x800'0699   0x10  Code  Gb  main.o [1]
GpioPort<GPIO_TypeDef, (unsigned long)9>::Set()
                         0x800'06b9    0xa  Code  Gb  main.o [1]
GpioPort<GPIO_TypeDef, (unsigned long)9>::Toggle()
                         0x800'0513    0xe  Code  Gb  main.o [1]
Initialization guard variable for Singleton<GpioPortA<(unsigned long)5>>::GetInstance()::instance
                        0x2000'0047    0x1  Data  Gb  main.o [1]
Initialization guard variable for Singleton<GpioPortC<(unsigned long)13>>::GetInstance()::instance
                        0x2000'0045    0x1  Data  Gb  main.o [1]
Initialization guard variable for Singleton<GpioPortC<(unsigned long)5>>::GetInstance()::instance
                        0x2000'004a    0x1  Data  Gb  main.o [1]
Initialization guard variable for Singleton<GpioPortC<(unsigned long)8>>::GetInstance()::instance
                        0x2000'0049    0x1  Data  Gb  main.o [1]
Initialization guard variable for Singleton<GpioPortC<(unsigned long)9>>::GetInstance()::instance
                        0x2000'0048    0x1  Data  Gb  main.o [1]
Initialization guard variable for Singleton<LedDriver>::GetInstance()::instance
                        0x2000'0046    0x1  Data  Gb  main.o [1]
Initialization guard variable for Singleton<LedsController>::GetInstance()::instance
                        0x2000'004b    0x1  Data  Gb  main.o [1]
Initialization guard variable for Singleton<UserButton>::GetInstance()::instance
                        0x2000'0044    0x1  Data  Gb  main.o [1]
IrqController::HandleIrqExtiLine15_10()
                         0x800'0669   0x10  Code  Gb  irqcontroller.o [1]
LedDriver::LedDriver()   0x800'0389   0xb4  Code  Gb  main.o [1]
LedsController::Update(unsigned char)
                         0x800'02b5   0xd4  Code  Gb  ledscontroller.o [1]
Region$$Table$$Base      0x800'04d0          --   Gb  - Linker created -
Region$$Table$$Limit     0x800'04e0          --   Gb  - Linker created -
Singleton<GpioPortA<(unsigned long)5>>::GetInstance()::instance
                        0x2000'0018    0x8  Data  Gb  main.o [1]
Singleton<GpioPortC<(unsigned long)13>>::GetInstance()::instance
                        0x2000'0010    0x8  Data  Gb  main.o [1]
Singleton<GpioPortC<(unsigned long)5>>::GetInstance()::instance
                        0x2000'0030    0x8  Data  Gb  main.o [1]
Singleton<GpioPortC<(unsigned long)8>>::GetInstance()::instance
                        0x2000'0028    0x8  Data  Gb  main.o [1]
Singleton<GpioPortC<(unsigned long)9>>::GetInstance()::instance
                        0x2000'0020    0x8  Data  Gb  main.o [1]
Singleton<LedDriver>::GetInstance()::instance
                        0x2000'0000   0x10  Data  Gb  main.o [1]
Singleton<LedsController>::GetInstance()::instance
                        0x2000'0038    0x8  Data  Gb  main.o [1]
Singleton<UserButton>::GetInstance()::instance
                        0x2000'0040    0x4  Data  Gb  main.o [1]
Virtual function table for GpioPort<GPIO_TypeDef, (unsigned long)13>
                         0x800'054c   0x1c  Data  Gb  main.o [1]
Virtual function table for GpioPort<GPIO_TypeDef, (unsigned long)5>
                         0x800'0584   0x1c  Data  Gb  main.o [1]
Virtual function table for GpioPort<GPIO_TypeDef, (unsigned long)8>
                         0x800'05f4   0x1c  Data  Gb  main.o [1]
Virtual function table for GpioPort<GPIO_TypeDef, (unsigned long)9>
                         0x800'05bc   0x1c  Data  Gb  main.o [1]
Virtual function table for GpioPortA<(unsigned long)5>
                         0x800'05a0   0x1c  Data  Gb  main.o [1]
Virtual function table for GpioPortC<(unsigned long)13>
                         0x800'0568   0x1c  Data  Gb  main.o [1]
Virtual function table for GpioPortC<(unsigned long)5>
                         0x800'062c   0x1c  Data  Gb  main.o [1]
Virtual function table for GpioPortC<(unsigned long)8>
                         0x800'0610   0x1c  Data  Gb  main.o [1]
Virtual function table for GpioPortC<(unsigned long)9>
                         0x800'05d8   0x1c  Data  Gb  main.o [1]
__cmain                  0x800'04f1         Code  Gb  cmain.o [5]
__exit                   0x800'0539   0x14  Code  Gb  exit.o [6]
__iar_data_init3         0x800'0485   0x28  Code  Gb  data_init.o [5]
__iar_debug_exceptions   0x800'0700    0x1  Data  Gb  unwind_debug.o [6]
__iar_init_vfp           0x800'04ad         Code  Gb  fpinit_M.o [4]
__iar_program_start      0x800'064b   0x12  Code  Gb  startupF411RE.o [1]
__iar_zero_init3         0x800'043d   0x3a  Code  Gb  zero_init3.o [5]
__low_level_init         0x800'0199   0x48  Code  Gb  main.o [1]
__vector_table           0x800'0000  0x198  Data  Gb  startupF411RE.o [1]
_call_main               0x800'04fd         Code  Gb  cmain.o [5]
_exit                    0x800'0521         Code  Gb  cexit.o [5]
_main                    0x800'050b         Code  Gb  cmain.o [5]
exit                     0x800'050f    0x4  Code  Gb  exit.o [2]
main                     0x800'01e1   0x98  Code  Gb  main.o [1]


[1] = E:\Projects\ARM_LAB\stm32Labs\LabAdcEnd\Debug\Obj
[2] = dl7M_tln.a
[3] = dlpp7M_tl_nc.a
[4] = m7M_tls.a
[5] = rt7M_tl.a
[6] = shb_l.a

  1 114 bytes of readonly  code memory
    679 bytes of readonly  data memory
    332 bytes of readwrite data memory

Errors: none
Warnings: none
