###############################################################################
#
# IAR ELF Linker V8.40.2.214/W32 for ARM                  26/Mar/2021  19:10:56
# Copyright 2007-2019 IAR Systems AB.
#
#    Output file  =  C:\GitHub\stm32Labs\Lab5EmptyInterrupt\Debug\Exe\lab4.out
#    Map file     =  C:\GitHub\stm32Labs\Lab5EmptyInterrupt\Debug\List\lab4.map
#    Command line =
#        -f C:\Users\Serge\AppData\Local\Temp\EWCBB6.tmp
#        (C:\GitHub\stm32Labs\Lab5EmptyInterrupt\Debug\Obj\main.o
#        C:\GitHub\stm32Labs\Lab5EmptyInterrupt\Debug\Obj\startup.o
#        --no_out_extension -o
#        C:\GitHub\stm32Labs\Lab5EmptyInterrupt\Debug\Exe\lab4.out --map
#        C:\GitHub\stm32Labs\Lab5EmptyInterrupt\Debug\List\lab4.map --config
#        "C:\Program Files (x86)\IAR Systems\Embedded Workbench
#        8.3\arm\config\linker\ST\stm32f411xE.icf" --semihosting --entry
#        __iar_program_start --vfe --text_out locale)
#
###############################################################################

*******************************************************************************
*** RUNTIME MODEL ATTRIBUTES
***

CppFlavor        = *
__CPP_Exceptions = Disabled
__CPP_Language   = C++14
__SystemLibrary  = DLib
__dlib_version   = 6


*******************************************************************************
*** HEAP SELECTION
***

The basic heap was selected because no calls to memory allocation
functions were found in the application outside of system library
functions, and there are calls to deallocation functions in the
application.


*******************************************************************************
*** PLACEMENT SUMMARY
***

"A0":  place at address 0x800'0000 { ro section .intvec };
"P1":  place in [from 0x800'0000 to 0x807'ffff] { ro };
define block CSTACK with size = 8K, alignment = 8 { };
define block HEAP with size = 8K, alignment = 8 { };
"P2":  place in [from 0x2000'0000 to 0x2001'ffff] {
          rw, block CSTACK, block HEAP };
initialize by copy { rw };

  Section            Kind         Address    Size  Object
  -------            ----         -------    ----  ------
"A0":                                        0xbc
  .intvec            const     0x800'0000    0xbc  startup.o [1]
                             - 0x800'00bc    0xbc

"P1":                                       0x230
  .text              ro code   0x800'00bc    0xd0  main.o [1]
  .text              ro code   0x800'018c    0x5c  startup.o [1]
  .text              ro code   0x800'01e8    0x2e  copy_init3.o [4]
  .text              ro code   0x800'0216     0x2  startup.o [1]
  .text              ro code   0x800'0218    0x28  data_init.o [4]
  .text              ro code   0x800'0240    0x22  fpinit_M.o [3]
  .iar.init_table    const     0x800'0264    0x14  - Linker created -
  .rodata            const     0x800'0278     0x1  unwind_debug.o [5]
  .text              ro code   0x800'027c    0x1e  cmain.o [4]
  .text              ro code   0x800'029a     0x4  exit.o [2]
  .text              ro code   0x800'02a0     0xa  cexit.o [4]
  .text              ro code   0x800'02ac    0x14  exit.o [5]
  .text              ro code   0x800'02c0    0x16  startup.o [1]
  Initializer bytes  const     0x800'02d8    0x14  <for P2-1>
  .rodata            const     0x800'02ec     0x0  copy_init3.o [4]
                             - 0x800'02ec   0x230

"P2", part 1 of 2:                           0x14
  P2-1                        0x2000'0000    0x11  <Init block>
    .data            inited   0x2000'0000     0x4  main.o [1]
    .data            inited   0x2000'0004     0x8  startup.o [1]
    .bss             inited   0x2000'000c     0x4  startup.o [1]
    .bss             inited   0x2000'0010     0x1  main.o [1]
                            - 0x2000'0011    0x11

"P2", part 2 of 2:                         0x2000
  CSTACK                      0x2000'0018  0x2000  <Block>
    CSTACK           uninit   0x2000'0018  0x2000  <Block tail>
                            - 0x2000'2018  0x2000

Unused ranges:

         From           To      Size
         ----           --      ----
   0x800'02ec   0x807'ffff  0x7'fd14
  0x2000'0014  0x2000'0017       0x4
  0x2000'2018  0x2001'ffff  0x1'dfe8


*******************************************************************************
*** INIT TABLE
***

          Address      Size
          -------      ----
Copy (__iar_copy_init3)
    1 source range, total size 0x14 (117% of destination):
           0x800'02d8  0x14
    1 destination range, total size 0x11:
          0x2000'0000  0x11



*******************************************************************************
*** MODULE SUMMARY
***

    Module          ro code  ro data  rw data
    ------          -------  -------  -------
command line/config:
    -----------------------------------------
    Total:

C:\GitHub\stm32Labs\Lab5EmptyInterrupt\Debug\Obj: [1]
    main.o              208        5        5
    startup.o           116      200       12
    -----------------------------------------
    Total:              324      205       17

dl7M_tln.a: [2]
    exit.o                4
    -----------------------------------------
    Total:                4

m7M_tls.a: [3]
    fpinit_M.o           34
    -----------------------------------------
    Total:               34

rt7M_tl.a: [4]
    cexit.o              10
    cmain.o              30
    copy_init3.o         46
    data_init.o          40
    -----------------------------------------
    Total:              126

shb_l.a: [5]
    exit.o               20
    unwind_debug.o                 1
    -----------------------------------------
    Total:               20        1

    Gaps                  7        2
    Linker created                25    8'192
---------------------------------------------
    Grand Total:        515      233    8'209


*******************************************************************************
*** ENTRY LIST
***

Entry                       Address  Size  Type      Object
-----                       -------  ----  ----      ------
.iar.init_table$$Base    0x800'0264         --   Gb  - Linker created -
.iar.init_table$$Limit   0x800'0278         --   Gb  - Linker created -
?main                    0x800'027d        Code  Gb  cmain.o [4]
CSTACK$$Base            0x2000'0018         --   Gb  - Linker created -
CSTACK$$Limit           0x2000'2018         --   Gb  - Linker created -
InterruptHandler::DummyHandler()
                         0x800'0217   0x2  Code  Gb  startup.o [1]
NewYearPins<TIM2, PeriodLimis, Pin<GPIOC, (unsigned char)9>, Pin<GPIOC, (unsigned char)8>, Pin<GPIOC, (unsigned char)5>>::OnTimeout()
                         0x800'018d  0x5c  Code  Gb  startup.o [1]
NewYearPins<TIM2, PeriodLimis, Pin<GPIOC, (unsigned char)9>, Pin<GPIOC, (unsigned char)8>, Pin<GPIOC, (unsigned char)5>>::countdown
                        0x2000'0010   0x1  Data  Gb  main.o [1]
NewYearPins<TIM2, PeriodLimis, Pin<GPIOC, (unsigned char)9>, Pin<GPIOC, (unsigned char)8>, Pin<GPIOC, (unsigned char)5>>::id
                        0x2000'000c   0x4  Data  Gb  startup.o [1]
NewYearPins<TIM2, PeriodLimis, Pin<GPIOC, (unsigned char)9>, Pin<GPIOC, (unsigned char)8>, Pin<GPIOC, (unsigned char)5>>::period
                        0x2000'0000   0x4  Data  Gb  main.o [1]
PeriodLimis             0x2000'0004   0x8  Data  Gb  startup.o [1]
Region$$Table$$Base      0x800'0264         --   Gb  - Linker created -
Region$$Table$$Limit     0x800'0278         --   Gb  - Linker created -
__cmain                  0x800'027d        Code  Gb  cmain.o [4]
__exit                   0x800'02ad  0x14  Code  Gb  exit.o [5]
__iar_copy_init3         0x800'01e9  0x2e  Code  Gb  copy_init3.o [4]
__iar_data_init3         0x800'0219  0x28  Code  Gb  data_init.o [4]
__iar_debug_exceptions   0x800'0278   0x1  Data  Gb  unwind_debug.o [5]
__iar_init_vfp           0x800'0241        Code  Gb  fpinit_M.o [3]
__iar_program_start      0x800'02c1  0x16  Code  Gb  startup.o [1]
__low_level_init         0x800'00bd  0x5c  Code  Gb  main.o [1]
__vector_table           0x800'0000  0xbc  Data  Lc  startup.o [1]
_call_main               0x800'0289        Code  Gb  cmain.o [4]
_exit                    0x800'02a1        Code  Gb  cexit.o [4]
_main                    0x800'0297        Code  Gb  cmain.o [4]
exit                     0x800'029b   0x4  Code  Gb  exit.o [2]
main                     0x800'0119  0x50  Code  Gb  main.o [1]


[1] = C:\GitHub\stm32Labs\Lab5EmptyInterrupt\Debug\Obj
[2] = dl7M_tln.a
[3] = m7M_tls.a
[4] = rt7M_tl.a
[5] = shb_l.a

    515 bytes of readonly  code memory
    233 bytes of readonly  data memory
  8'209 bytes of readwrite data memory

Errors: none
Warnings: none
