###############################################################################
#
# IAR ELF Linker V8.40.1.212/W32 for ARM                  21/Nov/2019  21:00:50
# Copyright 2007-2019 IAR Systems AB.
#
#    Output file  =  D:\Git\stm32Labs\Lab4\Debug\Exe\lab4.out
#    Map file     =  D:\Git\stm32Labs\Lab4\Debug\List\lab4.map
#    Command line =
#        -f C:\Users\Sergey\AppData\Local\Temp\EW2385.tmp
#        (D:\Git\stm32Labs\Lab4\Debug\Obj\main.o
#        D:\Git\stm32Labs\Lab4\Debug\Obj\startup.o --no_out_extension -o
#        D:\Git\stm32Labs\Lab4\Debug\Exe\lab4.out --map
#        D:\Git\stm32Labs\Lab4\Debug\List\lab4.map --config "D:\Program Files
#        (x86)\IAR Systems\Embedded Workbench
#        8.3\arm\config\linker\ST\stm32f411xE.icf" --semihosting --entry
#        __iar_program_start --vfe --text_out locale)
#
###############################################################################

*******************************************************************************
*** RUNTIME MODEL ATTRIBUTES
***

CppFlavor        = *
__CPP_Exceptions = Disabled
__CPP_Language   = C++14
__SystemLibrary  = DLib
__dlib_version   = 6


*******************************************************************************
*** HEAP SELECTION
***

The basic heap was selected because no calls to memory allocation
functions were found in the application outside of system library
functions, and there are calls to deallocation functions in the
application.


*******************************************************************************
*** PLACEMENT SUMMARY
***

"A0":  place at address 0x800'0000 { ro section .intvec };
"P1":  place in [from 0x800'0000 to 0x807'ffff] { ro };
define block CSTACK with size = 8K, alignment = 8 { };
define block HEAP with size = 8K, alignment = 8 { };
"P2":  place in [from 0x2000'0000 to 0x2001'ffff] {
          rw, block CSTACK, block HEAP };

No sections matched the following patterns:

  rw  in "P2"


  Section   Kind         Address    Size  Object
  -------   ----         -------    ----  ------
"A0":                               0xbc
  .intvec   const     0x800'0000    0xbc  startup.o [1]
                    - 0x800'00bc    0xbc

"P1":                              0x220
  .text     ro code   0x800'00bc    0x5c  main.o [1]
  .text     ro code   0x800'0118    0x14  main.o [1]
  .text     ro code   0x800'012c    0x10  main.o [1]
  .text     ro code   0x800'013c    0x14  main.o [1]
  .text     ro code   0x800'0150    0x1c  main.o [1]
  .text     ro code   0x800'016c    0x14  main.o [1]
  .text     ro code   0x800'0180    0x14  main.o [1]
  .text     ro code   0x800'0194    0x14  main.o [1]
  .text     ro code   0x800'01a8    0x1c  main.o [1]
  .text     ro code   0x800'01c4     0xc  main.o [1]
  .text     ro code   0x800'01d0     0xc  main.o [1]
  .text     ro code   0x800'01dc    0x14  main.o [1]
  .text     ro code   0x800'01f0     0xc  main.o [1]
  .text     ro code   0x800'01fc    0x10  startup.o [1]
  .text     ro code   0x800'020c     0xc  main.o [1]
  .text     ro code   0x800'0218    0x12  main.o [1]
  .text     ro code   0x800'022a     0x2  startup.o [1]
  .text     ro code   0x800'022c    0x22  fpinit_M.o [3]
  .rodata   const     0x800'024e     0x1  unwind_debug.o [5]
  .text     ro code   0x800'0250    0x1e  cmain.o [4]
  .text     ro code   0x800'026e     0x4  exit.o [2]
  .text     ro code   0x800'0274     0xa  cexit.o [4]
  .text     ro code   0x800'0280    0x14  exit.o [5]
  .text     ro code   0x800'0294    0x18  startup.o [1]
  .text     ro code   0x800'02ac    0x10  startup.o [1]
  .text     ro code   0x800'02bc    0x10  startup.o [1]
  .text     ro code   0x800'02cc    0x10  startup.o [1]
                    - 0x800'02dc   0x220

"P2":                             0x2000
  CSTACK             0x2000'0000  0x2000  <Block>
    CSTACK  uninit   0x2000'0000  0x2000  <Block tail>
                   - 0x2000'2000  0x2000

Unused ranges:

         From           To      Size
         ----           --      ----
   0x800'02dc   0x807'ffff  0x7'fd24
  0x2000'2000  0x2001'ffff  0x1'e000



*******************************************************************************
*** MODULE SUMMARY
***

    Module          ro code  ro data  rw data
    ------          -------  -------  -------
command line/config:
    -----------------------------------------
    Total:

D:\Git\stm32Labs\Lab4\Debug\Obj: [1]
    main.o              350
    startup.o            90      188
    -----------------------------------------
    Total:              440      188

dl7M_tln.a: [2]
    exit.o                4
    -----------------------------------------
    Total:                4

m7M_tls.a: [3]
    fpinit_M.o           34
    -----------------------------------------
    Total:               34

rt7M_tl.a: [4]
    cexit.o              10
    cmain.o              30
    -----------------------------------------
    Total:               40

shb_l.a: [5]
    exit.o               20
    unwind_debug.o                 1
    -----------------------------------------
    Total:               20        1

    Gaps                  5
    Linker created                      8'192
---------------------------------------------
    Grand Total:        543      189    8'192


*******************************************************************************
*** ENTRY LIST
***

Entry                       Address  Size  Type      Object
-----                       -------  ----  ----      ------
?main                    0x800'0251        Code  Gb  cmain.o [4]
CSTACK$$Base            0x2000'0000         --   Gb  - Linker created -
CSTACK$$Limit           0x2000'2000         --   Gb  - Linker created -
InterruptHandler::DummyHandler()
                         0x800'022b   0x2  Code  Gb  startup.o [1]
InterruptHandler::Timer2Handler()
                         0x800'0295  0x18  Code  Gb  startup.o [1]
Region$$Table$$Base             0x0         --   Gb  - Linker created -
Region$$Table$$Limit            0x0         --   Gb  - Linker created -
__cmain                  0x800'0251        Code  Gb  cmain.o [4]
__exit                   0x800'0281  0x14  Code  Gb  exit.o [5]
__iar_debug_exceptions   0x800'024e   0x1  Data  Gb  unwind_debug.o [5]
__iar_init_vfp           0x800'022d        Code  Gb  fpinit_M.o [3]
__iar_program_start      0x800'02cd  0x10  Code  Gb  startup.o [1]
__low_level_init         0x800'00bd  0x42  Code  Gb  main.o [1]
__vector_table           0x800'0000  0xbc  Data  Lc  startup.o [1]
_call_main               0x800'025d        Code  Gb  cmain.o [4]
_exit                    0x800'0275        Code  Gb  cexit.o [4]
_main                    0x800'026b        Code  Gb  cmain.o [4]
bool FieldValueBase<RCC_CFGR_SWS_Values<RCC::CFGR, (unsigned int)2, (unsigned int)2, ReadMode, RCC::RCCCFGRBase>, RCC::RCCCFGRBase, (unsigned int)1>::IsSet<ReadMode, void>()
                         0x800'0151  0x1c  Code  Gb  main.o [1]
bool FieldValueBase<RCC_CR_HSERDY_Values<RCC::CR, (unsigned int)17, (unsigned int)1, ReadMode, RCC::RCCCRBase>, RCC::RCCCRBase, (unsigned int)1>::IsSet<ReadMode, void>()
                         0x800'012d  0x10  Code  Gb  main.o [1]
bool FieldValueBase<TIM2_SR_UIF_Values<TIM2::SR, (unsigned int)0, (unsigned int)1, ReadWriteMode, TIM2::TIM2SRBase>, TIM2::TIM2SRBase, (unsigned int)1>::IsSet<ReadWriteMode, void>()
                         0x800'02ad  0x10  Code  Gb  startup.o [1]
exit                     0x800'026f   0x4  Code  Gb  exit.o [2]
main                     0x800'00ff  0x1a  Code  Gb  main.o [1]
void FieldValueBase<GPIOA_MODER_MODER15_Values<GPIOA::MODER, (unsigned int)10, (unsigned int)2, ReadWriteMode, GPIOA::GPIOAMODERBase>, GPIOA::GPIOAMODERBase, (unsigned int)1>::Set<ReadWriteMode, void>()
                         0x800'0195  0x14  Code  Gb  main.o [1]
void FieldValueBase<RCC_CFGR_SW_Values<RCC::CFGR, (unsigned int)0, (unsigned int)2, ReadWriteMode, RCC::RCCCFGRBase>, RCC::RCCCFGRBase, (unsigned int)1>::Set<ReadWriteMode, void>()
                         0x800'013d  0x14  Code  Gb  main.o [1]
void FieldValueBase<RCC_CR_HSEON_Values<RCC::CR, (unsigned int)16, (unsigned int)1, ReadWriteMode, RCC::RCCCRBase>, RCC::RCCCRBase, (unsigned int)1>::Set<ReadWriteMode, void>()
                         0x800'0119  0x14  Code  Gb  main.o [1]
void FieldValueBase<TIM2_CR1_CEN_Values<TIM2::CR1, (unsigned int)0, (unsigned int)1, ReadWriteMode, TIM2::TIM2CR1Base>, TIM2::TIM2CR1Base, (unsigned int)1>::Set<ReadWriteMode, void>()
                         0x800'0219  0x12  Code  Gb  main.o [1]
void FieldValueBase<TIM2_DIER_UIE_Values<TIM2::DIER, (unsigned int)0, (unsigned int)1, ReadWriteMode, TIM2::TIM2DIERBase>, TIM2::TIM2DIERBase, (unsigned int)1>::Set<ReadWriteMode, void>()
                         0x800'01dd  0x14  Code  Gb  main.o [1]
void FieldValueBase<TIM2_SR_UIF_Values<TIM2::SR, (unsigned int)0, (unsigned int)1, ReadWriteMode, TIM2::TIM2SRBase>, TIM2::TIM2SRBase, (unsigned int)0>::Set<ReadWriteMode, void>()
                         0x800'01fd  0x10  Code  Gb  startup.o [1]
void Register<(unsigned int)1073874944, (unsigned int)32, ReadWriteMode, GPIOC::GPIOCMODERBase, FieldValue<GPIOC_MODER_MODER15_Values<GPIOC::MODER, (unsigned int)10, (unsigned int)2, ReadWriteMode, GPIOC::GPIOCMODERBase>, GPIOC::GPIOCMODERBase, (unsigned int)1>, FieldValue<GPIOC_MODER_MODER15_Values<GPIOC::MODER, (unsigned int)16, (unsigned int)2, ReadWriteMode, GPIOC::GPIOCMODERBase>, GPIOC::GPIOCMODERBase, (unsigned int)1>, FieldValue<GPIOC_MODER_MODER15_Values<GPIOC::MODER, (unsigned int)18, (unsigned int)2, ReadWriteMode, GPIOC::GPIOCMODERBase>, GPIOC::GPIOCMODERBase, (unsigned int)1>>::Set<ReadWriteMode, void>()
                         0x800'01a9  0x1c  Code  Gb  main.o [1]
void Register<(unsigned int)1073887280, (unsigned int)32, ReadWriteMode, RCC::RCCAHB1ENRBase, FieldValue<RCC_AHB1ENR_DMA2EN_Values<RCC::AHB1ENR, (unsigned int)2, (unsigned int)1, ReadWriteMode, RCC::RCCAHB1ENRBase>, RCC::RCCAHB1ENRBase, (unsigned int)1>, FieldValue<RCC_AHB1ENR_DMA2EN_Values<RCC::AHB1ENR, (unsigned int)0, (unsigned int)1, ReadWriteMode, RCC::RCCAHB1ENRBase>, RCC::RCCAHB1ENRBase, (unsigned int)1>>::Set<ReadWriteMode, void>()
                         0x800'016d  0x14  Code  Gb  main.o [1]
void Register<(unsigned int)1073887296, (unsigned int)32, ReadWriteMode, RCC::RCCAPB1ENRBase, FieldValue<RCC_AHB1ENR_DMA2EN_Values<RCC::APB1ENR, (unsigned int)0, (unsigned int)1, ReadWriteMode, RCC::RCCAPB1ENRBase>, RCC::RCCAPB1ENRBase, (unsigned int)1>>::Set<ReadWriteMode, void>()
                         0x800'0181  0x14  Code  Gb  main.o [1]
void RegisterBase<(unsigned int)1073741860, (unsigned int)32, ReadWriteMode>::Write<ReadWriteMode, void>(unsigned int)
                         0x800'020d   0xc  Code  Gb  main.o [1]
void RegisterBase<(unsigned int)1073741864, (unsigned int)32, ReadWriteMode>::Write<ReadWriteMode, void>(unsigned int)
                         0x800'01d1   0xc  Code  Gb  main.o [1]
void RegisterBase<(unsigned int)1073741868, (unsigned int)32, ReadWriteMode>::Write<ReadWriteMode, void>(unsigned int)
                         0x800'01f1   0xc  Code  Gb  main.o [1]
void RegisterBase<(unsigned int)1073874964, (unsigned int)32, ReadWriteMode>::Toggle<ReadWriteMode, void>(unsigned int)
                         0x800'02bd  0x10  Code  Gb  startup.o [1]
void RegisterBase<(unsigned int)3758153984, (unsigned int)32, ReadWriteMode>::Write<ReadWriteMode, void>(unsigned int)
                         0x800'01c5   0xc  Code  Gb  main.o [1]


[1] = D:\Git\stm32Labs\Lab4\Debug\Obj
[2] = dl7M_tln.a
[3] = m7M_tls.a
[4] = rt7M_tl.a
[5] = shb_l.a

    543 bytes of readonly  code memory
    189 bytes of readonly  data memory
  8'192 bytes of readwrite data memory

Errors: none
Warnings: none
