###############################################################################
#
# IAR ELF Linker V8.40.2.214/W32 for ARM                  26/Nov/2021  21:48:54
# Copyright 2007-2019 IAR Systems AB.
#
#    Output file  =  C:\GitHub\stm32Labs\Lab4EmptyTimer\Debug\Exe\lab4.out
#    Map file     =  C:\GitHub\stm32Labs\Lab4EmptyTimer\Debug\List\lab4.map
#    Command line =
#        -f C:\Users\Serge\AppData\Local\Temp\EW8E4D.tmp
#        (C:\GitHub\stm32Labs\Lab4EmptyTimer\Debug\Obj\main.o
#        C:\GitHub\stm32Labs\Lab4EmptyTimer\Debug\Obj\startup.o
#        --no_out_extension -o
#        C:\GitHub\stm32Labs\Lab4EmptyTimer\Debug\Exe\lab4.out --map
#        C:\GitHub\stm32Labs\Lab4EmptyTimer\Debug\List\lab4.map --config
#        "C:\Program Files (x86)\IAR Systems\Embedded Workbench
#        8.3\arm\config\linker\ST\stm32f411xE.icf" --semihosting --entry
#        __iar_program_start --vfe --text_out locale)
#
###############################################################################

*******************************************************************************
*** RUNTIME MODEL ATTRIBUTES
***

CppFlavor        = *
__CPP_Exceptions = Disabled
__CPP_Language   = C++14
__SystemLibrary  = DLib
__dlib_version   = 6


*******************************************************************************
*** HEAP SELECTION
***

The basic heap was selected because no calls to memory allocation
functions were found in the application outside of system library
functions, and there are calls to deallocation functions in the
application.


*******************************************************************************
*** PLACEMENT SUMMARY
***

"A0":  place at address 0x800'0000 { ro section .intvec };
"P1":  place in [from 0x800'0000 to 0x807'ffff] { ro };
define block CSTACK with size = 8K, alignment = 8 { };
define block HEAP with size = 8K, alignment = 8 { };
"P2":  place in [from 0x2000'0000 to 0x2001'ffff] {
          rw, block CSTACK, block HEAP };

No sections matched the following patterns:

  rw  in "P2"


  Section   Kind         Address    Size  Object
  -------   ----         -------    ----  ------
"A0":                               0xbc
  .intvec   const     0x800'0000    0xbc  startup.o [1]
                    - 0x800'00bc    0xbc

"P1":                              0x12c
  .text     ro code   0x800'00bc    0x22  fpinit_M.o [3]
  .text     ro code   0x800'00de    0x20  main.o [1]
  .text     ro code   0x800'00fe     0x2  startup.o [1]
  .text     ro code   0x800'0100    0x14  main.o [1]
  .text     ro code   0x800'0114    0x10  main.o [1]
  .text     ro code   0x800'0124    0x10  main.o [1]
  .text     ro code   0x800'0134    0x18  main.o [1]
  .text     ro code   0x800'014c    0x1e  cmain.o [4]
  .text     ro code   0x800'016a     0x4  exit.o [2]
  .rodata   const     0x800'016e     0x1  unwind_debug.o [5]
  .text     ro code   0x800'0170     0xa  cexit.o [4]
  .text     ro code   0x800'017c    0x14  exit.o [5]
  .text     ro code   0x800'0190    0x18  startup.o [1]
  .text     ro code   0x800'01a8    0x10  startup.o [1]
  .text     ro code   0x800'01b8    0x10  startup.o [1]
  .text     ro code   0x800'01c8    0x10  startup.o [1]
  .text     ro code   0x800'01d8    0x10  startup.o [1]
                    - 0x800'01e8   0x12c

"P2":                             0x2000
  CSTACK             0x2000'0000  0x2000  <Block>
    CSTACK  uninit   0x2000'0000  0x2000  <Block tail>
                   - 0x2000'2000  0x2000

Unused ranges:

         From           To      Size
         ----           --      ----
   0x800'01e8   0x807'ffff  0x7'fe18
  0x2000'2000  0x2001'ffff  0x1'e000



*******************************************************************************
*** MODULE SUMMARY
***

    Module          ro code  ro data  rw data
    ------          -------  -------  -------
command line/config:
    -----------------------------------------
    Total:

C:\GitHub\stm32Labs\Lab4EmptyTimer\Debug\Obj: [1]
    main.o              108
    startup.o            90      188
    -----------------------------------------
    Total:              198      188

dl7M_tln.a: [2]
    exit.o                4
    -----------------------------------------
    Total:                4

m7M_tls.a: [3]
    fpinit_M.o           34
    -----------------------------------------
    Total:               34

rt7M_tl.a: [4]
    cexit.o              10
    cmain.o              30
    -----------------------------------------
    Total:               40

shb_l.a: [5]
    exit.o               20
    unwind_debug.o                 1
    -----------------------------------------
    Total:               20        1

    Gaps                  3
    Linker created                      8'192
---------------------------------------------
    Grand Total:        299      189    8'192


*******************************************************************************
*** ENTRY LIST
***

Entry                       Address  Size  Type      Object
-----                       -------  ----  ----      ------
?main                    0x800'014d        Code  Gb  cmain.o [4]
CSTACK$$Base            0x2000'0000         --   Gb  - Linker created -
CSTACK$$Limit           0x2000'2000         --   Gb  - Linker created -
InterruptHandler::DummyHandler()
                         0x800'00ff   0x2  Code  Gb  startup.o [1]
InterruptHandler::Timer2Handler()
                         0x800'0191  0x18  Code  Gb  startup.o [1]
Region$$Table$$Base             0x0         --   Gb  - Linker created -
Region$$Table$$Limit            0x0         --   Gb  - Linker created -
__cmain                  0x800'014d        Code  Gb  cmain.o [4]
__exit                   0x800'017d  0x14  Code  Gb  exit.o [5]
__iar_debug_exceptions   0x800'016e   0x1  Data  Gb  unwind_debug.o [5]
__iar_init_vfp           0x800'00bd        Code  Gb  fpinit_M.o [3]
__iar_program_start      0x800'01d9  0x10  Code  Gb  startup.o [1]
__low_level_init         0x800'00df  0x1e  Code  Gb  main.o [1]
__vector_table           0x800'0000  0xbc  Data  Lc  startup.o [1]
_call_main               0x800'0159        Code  Gb  cmain.o [4]
_exit                    0x800'0171        Code  Gb  cexit.o [4]
_main                    0x800'0167        Code  Gb  cmain.o [4]
bool FieldValueBase<RCC_CFGR_SWS_Values<RCC::CFGR, (unsigned int)2, (unsigned int)2, ReadMode, RCC::RCCCFGRBase>, RCC::RCCCFGRBase, (unsigned int)0>::IsSet<ReadMode, void>()
                         0x800'0135  0x18  Code  Gb  main.o [1]
bool FieldValueBase<RCC_CR_HSIRDY_Values<RCC::CR, (unsigned int)1, (unsigned int)1, ReadMode, RCC::RCCCRBase>, RCC::RCCCRBase, (unsigned int)1>::IsSet<ReadMode, void>()
                         0x800'0115  0x10  Code  Gb  main.o [1]
bool FieldValueBase<TIM2_SR_UIF_Values<TIM2::SR, (unsigned int)0, (unsigned int)1, ReadWriteMode, TIM2::TIM2SRBase>, TIM2::TIM2SRBase, (unsigned int)1>::IsSet<ReadWriteMode, void>()
                         0x800'01a9  0x10  Code  Gb  startup.o [1]
exit                     0x800'016b   0x4  Code  Gb  exit.o [2]
main                     0x800'00fd   0x2  Code  Gb  main.o [1]
void FieldValueBase<RCC_CFGR_SW_Values<RCC::CFGR, (unsigned int)0, (unsigned int)2, ReadWriteMode, RCC::RCCCFGRBase>, RCC::RCCCFGRBase, (unsigned int)0>::Set<ReadWriteMode, void>()
                         0x800'0125  0x10  Code  Gb  main.o [1]
void FieldValueBase<RCC_CR_HSION_Values<RCC::CR, (unsigned int)0, (unsigned int)1, ReadWriteMode, RCC::RCCCRBase>, RCC::RCCCRBase, (unsigned int)1>::Set<ReadWriteMode, void>()
                         0x800'0101  0x14  Code  Gb  main.o [1]
void FieldValueBase<TIM2_SR_UIF_Values<TIM2::SR, (unsigned int)0, (unsigned int)1, ReadWriteMode, TIM2::TIM2SRBase>, TIM2::TIM2SRBase, (unsigned int)0>::Set<ReadWriteMode, void>()
                         0x800'01b9  0x10  Code  Gb  startup.o [1]
void RegisterBase<(unsigned int)1073874964, (unsigned int)32, ReadWriteMode>::Toggle<ReadWriteMode, void>(unsigned int)
                         0x800'01c9  0x10  Code  Gb  startup.o [1]


[1] = C:\GitHub\stm32Labs\Lab4EmptyTimer\Debug\Obj
[2] = dl7M_tln.a
[3] = m7M_tls.a
[4] = rt7M_tl.a
[5] = shb_l.a

    299 bytes of readonly  code memory
    189 bytes of readonly  data memory
  8'192 bytes of readwrite data memory

Errors: none
Warnings: none
