###############################################################################
#
# IAR ANSI C/C++ Compiler V8.30.1.114/W32 for ARM         30/Aug/2018  15:31:19
# Copyright 1999-2018 IAR Systems AB.
#
#    Cpu mode     =  thumb
#    Endian       =  little
#    Source file  =  
#        E:\Projects\ARM_LAB\stm32Labs\LabPortEnd\AHardware\IrqController\irqcontroller.cpp
#    Command line =  
#        -f C:\Users\Sergey\AppData\Local\Temp\EWE1B7.tmp
#        (E:\Projects\ARM_LAB\stm32Labs\LabPortEnd\AHardware\IrqController\irqcontroller.cpp
#        -lcN E:\Projects\ARM_LAB\stm32Labs\LabPortEnd\Debug\List -lb
#        E:\Projects\ARM_LAB\stm32Labs\LabPortEnd\Debug\List -o
#        E:\Projects\ARM_LAB\stm32Labs\LabPortEnd\Debug\Obj --no_unroll
#        --no_inline --no_tbaa --no_scheduling --debug --endian=little
#        --cpu=Cortex-M4 -e --fpu=VFPv4_sp --dlib_config "D:\Program Files
#        (x86)\IAR Systems\Embedded Workbench
#        8.1\arm\inc\c\DLib_Config_Normal.h" -I
#        E:\Projects\ARM_LAB\stm32Labs\LabPortEnd\ -I
#        E:\Projects\ARM_LAB\stm32Labs\LabPortEnd\Application\ -I
#        E:\Projects\ARM_LAB\stm32Labs\LabPortEnd\Common\ -I
#        E:\Projects\ARM_LAB\stm32Labs\LabPortEnd\AHardware\ -I
#        E:\Projects\ARM_LAB\stm32Labs\LabPortEnd\AHardware\GpioPort\ -I
#        E:\Projects\ARM_LAB\stm32Labs\LabPortEnd\AHardware\IrqController\ -I
#        E:\Projects\ARM_LAB\stm32Labs\LabPortEnd\CMSIS\ -Om --c++
#        --no_exceptions --no_rtti)
#    Locale       =  C
#    List file    =  
#        E:\Projects\ARM_LAB\stm32Labs\LabPortEnd\Debug\List\irqcontroller.lst
#    Object file  =  
#        E:\Projects\ARM_LAB\stm32Labs\LabPortEnd\Debug\Obj\irqcontroller.o
#
###############################################################################

E:\Projects\ARM_LAB\stm32Labs\LabPortEnd\AHardware\IrqController\irqcontroller.cpp
      1          //
      2          // Created by Sergey on 27.08.2018.
      3          //
      4          #include "irqcontroller.hpp"
      5          
      6          void IrqController::HandleIrqExtiLine15_10()
      7          {
      8            EXTI->PR = EXTI_PR_PR13 ;  
      9          }

   Maximum stack usage in bytes:

   .cstack Function
   ------- --------
       0   IrqController::HandleIrqExtiLine15_10()


   Section sizes:

   Bytes  Function/Label
   -----  --------------
      16  IrqController::HandleIrqExtiLine15_10()

 
 16 bytes in section .text
 
 16 bytes of CODE memory

Errors: none
Warnings: none
