###############################################################################
#
# IAR ELF Linker V8.30.1.114/W32 for ARM                  01/Sep/2018  13:20:14
# Copyright 2007-2018 IAR Systems AB.
#
#    Output file  =  
#        E:\Projects\ARM_LAB\stm32Labs\LabPortEnd\Debug\Exe\portend.out
#    Map file     =  
#        E:\Projects\ARM_LAB\stm32Labs\LabPortEnd\Debug\List\portend.map
#    Command line =  
#        -f C:\Users\Sergey\AppData\Local\Temp\EWC6EE.tmp
#        (E:\Projects\ARM_LAB\stm32Labs\LabPortEnd\Debug\Obj\irqcontroller.o
#        E:\Projects\ARM_LAB\stm32Labs\LabPortEnd\Debug\Obj\main.o
#        E:\Projects\ARM_LAB\stm32Labs\LabPortEnd\Debug\Obj\startupF411RE.o
#        --no_out_extension -o
#        E:\Projects\ARM_LAB\stm32Labs\LabPortEnd\Debug\Exe\portend.out
#        --redirect _Printf=_PrintfFullNoMb --redirect _Scanf=_ScanfFullNoMb
#        --map E:\Projects\ARM_LAB\stm32Labs\LabPortEnd\Debug\List\portend.map
#        --config E:\Projects\ARM_LAB\stm32Labs\LabPortEnd\stm32f411xE.icf
#        --semihosting --entry __iar_program_start --vfe --text_out locale)
#
###############################################################################

*******************************************************************************
*** RUNTIME MODEL ATTRIBUTES
***

CppFlavor        = *
__CPP_Exceptions = Disabled
__CPP_Language   = C++14
__Heap_Handler   = Basic
__SystemLibrary  = DLib
__dlib_version   = 6


*******************************************************************************
*** HEAP SELECTION
***

The basic heap was selected because no calls to memory allocation
functions were found in the application outside of system library
functions, and there are calls to deallocation functions in the
application.


*******************************************************************************
*** PLACEMENT SUMMARY
***

"A0":  place at 0x800'0000 { ro section .intvec };
"P1":  place in [from 0x800'0000 to 0x807'ffff] { ro };
define block CSTACK with size = 256, alignment = 8 { };
define block HEAP with size = 0M, alignment = 8 { };
"P2":  place in [from 0x2000'0000 to 0x2001'ffff] {
          rw, block CSTACK, block HEAP };

  Section          Kind         Address   Size  Object
  -------          ----         -------   ----  ------
"A0":                                    0x198
  .intvec          const     0x800'0000  0x198  startupF411RE.o [1]
                           - 0x800'0198  0x198

"P1":                                    0x53c
  .text            ro code   0x800'0198   0xe0  main.o [1]
  .text            ro code   0x800'0278   0x20  main.o [1]
  .text            ro code   0x800'0298   0x10  main.o [1]
  .text            ro code   0x800'02a8   0x20  main.o [1]
  .text            ro code   0x800'02c8   0x10  main.o [1]
  .text            ro code   0x800'02d8   0x14  main.o [1]
  .text            ro code   0x800'02ec   0x14  main.o [1]
  .text            ro code   0x800'0300   0x20  main.o [1]
  .text            ro code   0x800'0320    0x8  main.o [1]
  .text            ro code   0x800'0328   0x20  main.o [1]
  .text            ro code   0x800'0348    0x8  main.o [1]
  .text            ro code   0x800'0350   0x1c  main.o [1]
  .text            ro code   0x800'036c    0x4  main.o [1]
  .text            ro code   0x800'0370   0x1c  main.o [1]
  .text            ro code   0x800'038c    0x4  main.o [1]
  .text            ro code   0x800'0390    0x8  main.o [1]
  .text            ro code   0x800'0398    0x8  main.o [1]
  .text            ro code   0x800'03a0   0x1c  main.o [1]
  .text            ro code   0x800'03bc   0x1c  main.o [1]
  .text            ro code   0x800'03d8    0x8  main.o [1]
  .text            ro code   0x800'03e0    0x2  main.o [1]
  .text            ro code   0x800'03e2   0x3a  zero_init3.o [5]
  .rodata          const     0x800'041c   0x3c  main.o [1]
  .rodata          const     0x800'0458   0x3c  main.o [1]
  .text            ro code   0x800'0494   0x30  main.o [1]
  .text            ro code   0x800'04c4   0x24  ABIassert.o [6]
  .text            ro code   0x800'04e8    0x6  abort.o [2]
  .text            ro code   0x800'04ee    0x2  startupF411RE.o [1]
  .text            ro code   0x800'04f0   0x14  exit.o [6]
  .text            ro code   0x800'0504   0x2c  main.o [1]
  .text            ro code   0x800'0530   0x28  data_init.o [5]
  .text            ro code   0x800'0558   0x22  fpinit_M.o [4]
  .iar.init_table  const     0x800'057c   0x10  - Linker created -
  .text            ro code   0x800'058c    0x2  startupF411RE.o [1]
  .text            ro code   0x800'0590   0x1e  cmain.o [5]
  .text            ro code   0x800'05ae    0x4  exit.o [2]
  .rodata          const     0x800'05b2    0x1  unwind_debug.o [6]
  .text            ro code   0x800'05b4    0xa  cexit.o [5]
  .rodata          const     0x800'05c0   0x1c  main.o [1]
  .rodata          const     0x800'05dc   0x1c  main.o [1]
  .rodata          const     0x800'05f8   0x1c  main.o [1]
  .rodata          const     0x800'0614   0x1c  main.o [1]
  .text            ro code   0x800'0630   0x1a  main.o [1]
  .text            ro code   0x800'064a   0x1a  main.o [1]
  .rodata          const     0x800'0664   0x18  main.o [1]
  .rodata          const     0x800'067c   0x18  main.o [1]
  .text            ro code   0x800'0694   0x14  startupF411RE.o [1]
  .text            ro code   0x800'06a8   0x10  irqcontroller.o [1]
  .text            ro code   0x800'06b8    0xe  main.o [1]
  .text            ro code   0x800'06c6    0xe  main.o [1]
  .rodata          const     0x800'06d4    0x0  zero_init3.o [5]
                           - 0x800'06d4  0x53c

"P2", part 1 of 2:                        0x1c
  .bss             zero     0x2000'0000    0x8  main.o [1]
  .bss             zero     0x2000'0008    0x8  main.o [1]
  .bss             zero     0x2000'0010    0x4  main.o [1]
  .bss             zero     0x2000'0014    0x4  main.o [1]
  .bss             zero     0x2000'0018    0x1  main.o [1]
  .bss             zero     0x2000'0019    0x1  main.o [1]
  .bss             zero     0x2000'001a    0x1  main.o [1]
  .bss             zero     0x2000'001b    0x1  main.o [1]
                          - 0x2000'001c   0x1c

"P2", part 2 of 2:                       0x100
  CSTACK                    0x2000'0020  0x100  <Block>
    CSTACK         uninit   0x2000'0020  0x100  <Block tail>
                          - 0x2000'0120  0x100

Unused ranges:

         From           To      Size
         ----           --      ----
   0x800'06d4   0x807'ffff  0x7'f92c
  0x2000'001c  0x2000'001f       0x4
  0x2000'0120  0x2001'ffff  0x1'fee0


*******************************************************************************
*** INIT TABLE
***

          Address      Size
          -------      ----
Zero (__iar_zero_init3)
    1 destination range, total size 0x1c:
          0x2000'0000  0x1c



*******************************************************************************
*** MODULE SUMMARY
***

    Module           ro code  ro data  rw data
    ------           -------  -------  -------
command line/config:
    ------------------------------------------
    Total:

E:\Projects\ARM_LAB\stm32Labs\LabPortEnd\Debug\Obj: [1]
    irqcontroller.o       16
    main.o               758      280       28
    startupF411RE.o       24      408
    ------------------------------------------
    Total:               798      688       28

dl7M_tln.a: [2]
    abort.o                6
    exit.o                 4
    ------------------------------------------
    Total:                10

dlpp7M_tl_nc.a: [3]
    ------------------------------------------
    Total:

m7M_tls.a: [4]
    fpinit_M.o            34
    ------------------------------------------
    Total:                34

rt7M_tl.a: [5]
    cexit.o               10
    cmain.o               30
    data_init.o           40
    zero_init3.o          58
    ------------------------------------------
    Total:               138

shb_l.a: [6]
    ABIassert.o           36
    exit.o                20
    unwind_debug.o                  1
    ------------------------------------------
    Total:                56        1

    Gaps                   3        4
    Linker created                 16      256
----------------------------------------------
    Grand Total:       1 039      709      284


*******************************************************************************
*** ENTRY LIST
***

Entry                       Address   Size  Type      Object
-----                       -------   ----  ----      ------
.iar.init_table$$Base    0x800'057c          --   Gb  - Linker created -
.iar.init_table$$Limit   0x800'058c          --   Gb  - Linker created -
?main                    0x800'0591         Code  Gb  cmain.o [5]
Button::Button(IPort &)
                         0x800'036d    0x4  Code  Gb  main.o [1]
Button::Button(IPort &) [subobject]
                         0x800'0321    0x8  Code  Gb  main.o [1]
Button::IsPressed() const
                         0x800'0299   0x10  Code  Gb  main.o [1]
CSTACK$$Base            0x2000'0020          --   Gb  - Linker created -
CSTACK$$Limit           0x2000'0120          --   Gb  - Linker created -
Delay(unsigned long)     0x800'021f    0xc  Code  Gb  main.o [1]
DummyModule::handler()   0x800'0695    0x2  Code  Gb  startupF411RE.o [1]
GpioPort<(unsigned long)13>::GetState() const
                         0x800'064b   0x1a  Code  Gb  main.o [1]
GpioPort<(unsigned long)13>::GpioPort(GPIO_TypeDef &)
                         0x800'03a1   0x1c  Code  Gb  main.o [1]
GpioPort<(unsigned long)13>::GpioPort(GPIO_TypeDef &) [subobject]
                         0x800'0391    0x8  Code  Gb  main.o [1]
GpioPort<(unsigned long)13>::Toggle()
                         0x800'06c7    0xe  Code  Gb  main.o [1]
GpioPort<(unsigned long)5>::GetState() const
                         0x800'0631   0x1a  Code  Gb  main.o [1]
GpioPort<(unsigned long)5>::GpioPort(GPIO_TypeDef &)
                         0x800'03bd   0x1c  Code  Gb  main.o [1]
GpioPort<(unsigned long)5>::GpioPort(GPIO_TypeDef &) [subobject]
                         0x800'0399    0x8  Code  Gb  main.o [1]
GpioPort<(unsigned long)5>::Toggle()
                         0x800'06b9    0xe  Code  Gb  main.o [1]
GpioPortA<(unsigned long)5>::GpioPortA()
                         0x800'0371   0x1c  Code  Gb  main.o [1]
GpioPortC<(unsigned long)13>::GpioPortC()
                         0x800'0351   0x1c  Code  Gb  main.o [1]
IPort::IPort()           0x800'03e1    0x2  Code  Gb  main.o [1]
IPort::IPort() [subobject]
                         0x800'03d9    0x8  Code  Gb  main.o [1]
Initialization guard variable for Singleton<GpioPortA<(unsigned long)5>>::GetInstance()::instance
                        0x2000'0019    0x1  Data  Gb  main.o [1]
Initialization guard variable for Singleton<GpioPortC<(unsigned long)13>>::GetInstance()::instance
                        0x2000'001b    0x1  Data  Gb  main.o [1]
Initialization guard variable for Singleton<Led1>::GetInstance()::instance
                        0x2000'0018    0x1  Data  Gb  main.o [1]
Initialization guard variable for Singleton<UserButton>::GetInstance()::instance
                        0x2000'001a    0x1  Data  Gb  main.o [1]
IrqController::HandleIrqExtiLine15_10()
                         0x800'06a9   0x10  Code  Gb  irqcontroller.o [1]
Led1::Led1()             0x800'02ed   0x14  Code  Gb  main.o [1]
Led::Led(IPort &)        0x800'038d    0x4  Code  Gb  main.o [1]
Led::Led(IPort &) [subobject]
                         0x800'0349    0x8  Code  Gb  main.o [1]
Led::Toggle()            0x800'02c9   0x10  Code  Gb  main.o [1]
Region$$Table$$Base      0x800'057c          --   Gb  - Linker created -
Region$$Table$$Limit     0x800'058c          --   Gb  - Linker created -
Singleton<GpioPortA<(unsigned long)5>>::GetInstance()
                         0x800'0329   0x20  Code  Gb  main.o [1]
Singleton<GpioPortA<(unsigned long)5>>::GetInstance()::instance
                        0x2000'0000    0x8  Data  Gb  main.o [1]
Singleton<GpioPortC<(unsigned long)13>>::GetInstance()
                         0x800'0301   0x20  Code  Gb  main.o [1]
Singleton<GpioPortC<(unsigned long)13>>::GetInstance()::instance
                        0x2000'0008    0x8  Data  Gb  main.o [1]
Singleton<Led1>::GetInstance()
                         0x800'02a9   0x20  Code  Gb  main.o [1]
Singleton<Led1>::GetInstance()::instance
                        0x2000'0010    0x4  Data  Gb  main.o [1]
Singleton<UserButton>::GetInstance()
                         0x800'0279   0x20  Code  Gb  main.o [1]
Singleton<UserButton>::GetInstance()::instance
                        0x2000'0014    0x4  Data  Gb  main.o [1]
UserButton::UserButton()
                         0x800'02d9   0x14  Code  Gb  main.o [1]
Virtual function table for GpioPort<(unsigned long)13>
                         0x800'05f8   0x1c  Data  Gb  main.o [1]
Virtual function table for GpioPort<(unsigned long)5>
                         0x800'05c0   0x1c  Data  Gb  main.o [1]
Virtual function table for GpioPortA<(unsigned long)5>
                         0x800'05dc   0x1c  Data  Gb  main.o [1]
Virtual function table for GpioPortC<(unsigned long)13>
                         0x800'0614   0x1c  Data  Gb  main.o [1]
__aeabi_assert           0x800'04c5   0x24  Code  Gb  ABIassert.o [6]
__cmain                  0x800'0591         Code  Gb  cmain.o [5]
__exit                   0x800'04f1   0x14  Code  Gb  exit.o [6]
__iar_data_init3         0x800'0531   0x28  Code  Gb  data_init.o [5]
__iar_debug_exceptions   0x800'05b2    0x1  Data  Gb  unwind_debug.o [6]
__iar_init_vfp           0x800'0559         Code  Gb  fpinit_M.o [4]
__iar_program_start      0x800'0697   0x10  Code  Gb  startupF411RE.o [1]
__iar_zero_init3         0x800'03e3   0x3a  Code  Gb  zero_init3.o [5]
__low_level_init         0x800'0199   0x86  Code  Gb  main.o [1]
__vector_table           0x800'0000  0x198  Data  Gb  startupF411RE.o [1]
_call_main               0x800'059d         Code  Gb  cmain.o [5]
_exit                    0x800'05b5         Code  Gb  cexit.o [5]
_main                    0x800'05ab         Code  Gb  cmain.o [5]
abort                    0x800'04e9    0x6  Code  Gb  abort.o [2]
bool utils::checkBit<unsigned int volatile, unsigned long>(unsigned int volatile const &, unsigned long)
                         0x800'0505   0x2c  Code  Gb  main.o [1]
bool utils::checkBit<unsigned int volatile, unsigned long>(unsigned int volatile const &, unsigned long)::string
                         0x800'067c   0x18  Data  Gb  main.o [1]
bool utils::checkBit<unsigned int volatile, unsigned long>(unsigned int volatile const &, unsigned long)::string (instance 2)
                         0x800'0458   0x3c  Data  Gb  main.o [1]
exit                     0x800'05af    0x4  Code  Gb  exit.o [2]
main                     0x800'022b   0x1e  Code  Gb  main.o [1]
void utils::toggleBit<unsigned int volatile, unsigned long>(unsigned int volatile &, unsigned long)
                         0x800'0495   0x30  Code  Gb  main.o [1]
void utils::toggleBit<unsigned int volatile, unsigned long>(unsigned int volatile &, unsigned long)::string
                         0x800'0664   0x18  Data  Gb  main.o [1]
void utils::toggleBit<unsigned int volatile, unsigned long>(unsigned int volatile &, unsigned long)::string (instance 2)
                         0x800'041c   0x3c  Data  Gb  main.o [1]


[1] = E:\Projects\ARM_LAB\stm32Labs\LabPortEnd\Debug\Obj
[2] = dl7M_tln.a
[3] = dlpp7M_tl_nc.a
[4] = m7M_tls.a
[5] = rt7M_tl.a
[6] = shb_l.a

  1 039 bytes of readonly  code memory
    709 bytes of readonly  data memory
    284 bytes of readwrite data memory

Errors: none
Warnings: none
