###############################################################################
#
# IAR ELF Linker V8.30.1.114/W32 for ARM                  30/Aug/2018  15:31:20
# Copyright 2007-2018 IAR Systems AB.
#
#    Output file  =  
#        E:\Projects\ARM_LAB\stm32Labs\LabPortEnd\Debug\Exe\portend.out
#    Map file     =  
#        E:\Projects\ARM_LAB\stm32Labs\LabPortEnd\Debug\List\portend.map
#    Command line =  
#        -f C:\Users\Sergey\AppData\Local\Temp\EWE331.tmp
#        (E:\Projects\ARM_LAB\stm32Labs\LabPortEnd\Debug\Obj\irqcontroller.o
#        E:\Projects\ARM_LAB\stm32Labs\LabPortEnd\Debug\Obj\main.o
#        E:\Projects\ARM_LAB\stm32Labs\LabPortEnd\Debug\Obj\startupF411RE.o
#        --no_out_extension -o
#        E:\Projects\ARM_LAB\stm32Labs\LabPortEnd\Debug\Exe\portend.out
#        --redirect _Printf=_PrintfFullNoMb --redirect _Scanf=_ScanfFullNoMb
#        --map E:\Projects\ARM_LAB\stm32Labs\LabPortEnd\Debug\List\portend.map
#        --config E:\Projects\ARM_LAB\stm32Labs\LabPortEnd\stm32f411xE.icf
#        --semihosting --entry __iar_program_start --vfe --text_out locale)
#
###############################################################################

*******************************************************************************
*** RUNTIME MODEL ATTRIBUTES
***

CppFlavor        = *
__CPP_Exceptions = Disabled
__CPP_Language   = C++14
__Heap_Handler   = Basic
__SystemLibrary  = DLib
__dlib_version   = 6


*******************************************************************************
*** HEAP SELECTION
***

The basic heap was selected because no calls to memory allocation
functions were found in the application outside of system library
functions, and there are calls to deallocation functions in the
application.


*******************************************************************************
*** PLACEMENT SUMMARY
***

"A0":  place at 0x800'0000 { ro section .intvec };
"P1":  place in [from 0x800'0000 to 0x807'ffff] { ro };
define block CSTACK with size = 256, alignment = 8 { };
define block HEAP with size = 0M, alignment = 8 { };
"P2":  place in [from 0x2000'0000 to 0x2001'ffff] {
          rw, block CSTACK, block HEAP };

  Section          Kind         Address   Size  Object
  -------          ----         -------   ----  ------
"A0":                                    0x198
  .intvec          const     0x800'0000  0x198  startupF411RE.o [1]
                           - 0x800'0198  0x198

"P1":                                    0x4ec
  .text            ro code   0x800'0198   0xbc  main.o [1]
  .text            ro code   0x800'0254   0x24  main.o [1]
  .text            ro code   0x800'0278    0x8  main.o [1]
  .text            ro code   0x800'0280   0x24  main.o [1]
  .text            ro code   0x800'02a4    0x8  main.o [1]
  .text            ro code   0x800'02ac   0x14  main.o [1]
  .text            ro code   0x800'02c0   0x14  main.o [1]
  .text            ro code   0x800'02d4   0x24  main.o [1]
  .text            ro code   0x800'02f8    0x4  main.o [1]
  .text            ro code   0x800'02fc   0x24  main.o [1]
  .text            ro code   0x800'0320    0x4  main.o [1]
  .text            ro code   0x800'0324   0x1c  main.o [1]
  .text            ro code   0x800'0340    0x4  main.o [1]
  .text            ro code   0x800'0344   0x1c  main.o [1]
  .text            ro code   0x800'0360    0x4  main.o [1]
  .text            ro code   0x800'0364    0x4  main.o [1]
  .text            ro code   0x800'0368    0x4  main.o [1]
  .text            ro code   0x800'036c   0x18  main.o [1]
  .text            ro code   0x800'0384   0x18  main.o [1]
  .text            ro code   0x800'039c    0x4  main.o [1]
  .text            ro code   0x800'03a0    0x2  main.o [1]
  .text            ro code   0x800'03a2   0x3a  zero_init3.o [5]
  .rodata          const     0x800'03dc   0x3c  main.o [1]
  .rodata          const     0x800'0418   0x3c  main.o [1]
  .text            ro code   0x800'0454   0x30  main.o [1]
  .text            ro code   0x800'0484   0x24  ABIassert.o [6]
  .text            ro code   0x800'04a8    0x6  abort.o [2]
  .text            ro code   0x800'04ae    0x2  startupF411RE.o [1]
  .text            ro code   0x800'04b0   0x14  exit.o [6]
  .text            ro code   0x800'04c4   0x2c  main.o [1]
  .text            ro code   0x800'04f0   0x28  data_init.o [5]
  .text            ro code   0x800'0518   0x22  fpinit_M.o [4]
  .iar.init_table  const     0x800'053c   0x10  - Linker created -
  .text            ro code   0x800'054c    0x2  startupF411RE.o [1]
  .text            ro code   0x800'0550   0x1e  cmain.o [5]
  .text            ro code   0x800'056e    0x4  exit.o [2]
  .rodata          const     0x800'0572    0x1  unwind_debug.o [6]
  .text            ro code   0x800'0574    0xa  cexit.o [5]
  .rodata          const     0x800'0580   0x1c  main.o [1]
  .rodata          const     0x800'059c   0x1c  main.o [1]
  .rodata          const     0x800'05b8   0x1c  main.o [1]
  .rodata          const     0x800'05d4   0x1c  main.o [1]
  .rodata          const     0x800'05f0   0x18  main.o [1]
  .rodata          const     0x800'0608   0x18  main.o [1]
  .text            ro code   0x800'0620   0x16  startupF411RE.o [1]
  .text            ro code   0x800'0636   0x14  main.o [1]
  .text            ro code   0x800'064a   0x14  main.o [1]
  .text            ro code   0x800'0660   0x10  irqcontroller.o [1]
  .text            ro code   0x800'0670    0xa  main.o [1]
  .text            ro code   0x800'067a    0xa  main.o [1]
  .rodata          const     0x800'0684    0x0  zero_init3.o [5]
                           - 0x800'0684  0x4ec

"P2", part 1 of 2:                        0x1c
  .bss             zero     0x2000'0000    0x8  main.o [1]
  .bss             zero     0x2000'0008    0x8  main.o [1]
  .bss             zero     0x2000'0010    0x4  main.o [1]
  .bss             zero     0x2000'0014    0x4  main.o [1]
  .bss             zero     0x2000'0018    0x1  main.o [1]
  .bss             zero     0x2000'0019    0x1  main.o [1]
  .bss             zero     0x2000'001a    0x1  main.o [1]
  .bss             zero     0x2000'001b    0x1  main.o [1]
                          - 0x2000'001c   0x1c

"P2", part 2 of 2:                       0x100
  CSTACK                    0x2000'0020  0x100  <Block>
    CSTACK         uninit   0x2000'0020  0x100  <Block tail>
                          - 0x2000'0120  0x100

Unused ranges:

         From           To      Size
         ----           --      ----
   0x800'0684   0x807'ffff  0x7'f97c
  0x2000'001c  0x2000'001f       0x4
  0x2000'0120  0x2001'ffff  0x1'fee0


*******************************************************************************
*** INIT TABLE
***

          Address      Size
          -------      ----
Zero (__iar_zero_init3)
    1 destination range, total size 0x1c:
          0x2000'0000  0x1c



*******************************************************************************
*** MODULE SUMMARY
***

    Module           ro code  ro data  rw data
    ------           -------  -------  -------
command line/config:
    ------------------------------------------
    Total:

E:\Projects\ARM_LAB\stm32Labs\LabPortEnd\Debug\Obj: [1]
    irqcontroller.o       16
    main.o               674      280       28
    startupF411RE.o       26      408
    ------------------------------------------
    Total:               716      688       28

dl7M_tln.a: [2]
    abort.o                6
    exit.o                 4
    ------------------------------------------
    Total:                10

dlpp7M_tl_nc.a: [3]
    ------------------------------------------
    Total:

m7M_tls.a: [4]
    fpinit_M.o            34
    ------------------------------------------
    Total:                34

rt7M_tl.a: [5]
    cexit.o               10
    cmain.o               30
    data_init.o           40
    zero_init3.o          58
    ------------------------------------------
    Total:               138

shb_l.a: [6]
    ABIassert.o           36
    exit.o                20
    unwind_debug.o                  1
    ------------------------------------------
    Total:                56        1

    Gaps                   5        4
    Linker created                 16      256
----------------------------------------------
    Grand Total:         959      709      284


*******************************************************************************
*** ENTRY LIST
***

Entry                       Address   Size  Type      Object
-----                       -------   ----  ----      ------
.iar.init_table$$Base    0x800'053c          --   Gb  - Linker created -
.iar.init_table$$Limit   0x800'054c          --   Gb  - Linker created -
?main                    0x800'0551         Code  Gb  cmain.o [5]
Button::Button(IPort &)
                         0x800'0341    0x4  Code  Gb  main.o [1]
Button::Button(IPort &) [subobject]
                         0x800'02f9    0x4  Code  Gb  main.o [1]
Button::IsPressed() const
                         0x800'0279    0x8  Code  Gb  main.o [1]
CSTACK$$Base            0x2000'0020          --   Gb  - Linker created -
CSTACK$$Limit           0x2000'0120          --   Gb  - Linker created -
Delay(unsigned long)     0x800'0213    0xc  Code  Gb  main.o [1]
DummyModule::handler()   0x800'0621    0x2  Code  Gb  startupF411RE.o [1]
GpioPort<(unsigned long)13>::GetState() const
                         0x800'064b   0x14  Code  Gb  main.o [1]
GpioPort<(unsigned long)13>::GpioPort(GPIO_TypeDef &)
                         0x800'036d   0x18  Code  Gb  main.o [1]
GpioPort<(unsigned long)13>::GpioPort(GPIO_TypeDef &) [subobject]
                         0x800'0365    0x4  Code  Gb  main.o [1]
GpioPort<(unsigned long)13>::Toggle()
                         0x800'067b    0xa  Code  Gb  main.o [1]
GpioPort<(unsigned long)5>::GetState() const
                         0x800'0637   0x14  Code  Gb  main.o [1]
GpioPort<(unsigned long)5>::GpioPort(GPIO_TypeDef &)
                         0x800'0385   0x18  Code  Gb  main.o [1]
GpioPort<(unsigned long)5>::GpioPort(GPIO_TypeDef &) [subobject]
                         0x800'0369    0x4  Code  Gb  main.o [1]
GpioPort<(unsigned long)5>::Toggle()
                         0x800'0671    0xa  Code  Gb  main.o [1]
GpioPortA<(unsigned long)5>::GpioPortA()
                         0x800'0345   0x1c  Code  Gb  main.o [1]
GpioPortC<(unsigned long)13>::GpioPortC()
                         0x800'0325   0x1c  Code  Gb  main.o [1]
IPort::IPort()           0x800'03a1    0x2  Code  Gb  main.o [1]
IPort::IPort() [subobject]
                         0x800'039d    0x4  Code  Gb  main.o [1]
Initialization guard variable for Singleton<GpioPortA<(unsigned long)5>>::GetInstance()::instance
                        0x2000'0019    0x1  Data  Gb  main.o [1]
Initialization guard variable for Singleton<GpioPortC<(unsigned long)13>>::GetInstance()::instance
                        0x2000'001b    0x1  Data  Gb  main.o [1]
Initialization guard variable for Singleton<Led1>::GetInstance()::instance
                        0x2000'0018    0x1  Data  Gb  main.o [1]
Initialization guard variable for Singleton<UserButton>::GetInstance()::instance
                        0x2000'001a    0x1  Data  Gb  main.o [1]
IrqController::HandleIrqExtiLine15_10()
                         0x800'0661   0x10  Code  Gb  irqcontroller.o [1]
Led1::Led1()             0x800'02c1   0x14  Code  Gb  main.o [1]
Led::Led(IPort &)        0x800'0361    0x4  Code  Gb  main.o [1]
Led::Led(IPort &) [subobject]
                         0x800'0321    0x4  Code  Gb  main.o [1]
Led::Toggle()            0x800'02a5    0x8  Code  Gb  main.o [1]
Region$$Table$$Base      0x800'053c          --   Gb  - Linker created -
Region$$Table$$Limit     0x800'054c          --   Gb  - Linker created -
Singleton<GpioPortA<(unsigned long)5>>::GetInstance()
                         0x800'02fd   0x24  Code  Gb  main.o [1]
Singleton<GpioPortA<(unsigned long)5>>::GetInstance()::instance
                        0x2000'0000    0x8  Data  Gb  main.o [1]
Singleton<GpioPortC<(unsigned long)13>>::GetInstance()
                         0x800'02d5   0x24  Code  Gb  main.o [1]
Singleton<GpioPortC<(unsigned long)13>>::GetInstance()::instance
                        0x2000'0008    0x8  Data  Gb  main.o [1]
Singleton<Led1>::GetInstance()
                         0x800'0281   0x24  Code  Gb  main.o [1]
Singleton<Led1>::GetInstance()::instance
                        0x2000'0010    0x4  Data  Gb  main.o [1]
Singleton<UserButton>::GetInstance()
                         0x800'0255   0x24  Code  Gb  main.o [1]
Singleton<UserButton>::GetInstance()::instance
                        0x2000'0014    0x4  Data  Gb  main.o [1]
UserButton::UserButton()
                         0x800'02ad   0x14  Code  Gb  main.o [1]
Virtual function table for GpioPort<(unsigned long)13>
                         0x800'05b8   0x1c  Data  Gb  main.o [1]
Virtual function table for GpioPort<(unsigned long)5>
                         0x800'0580   0x1c  Data  Gb  main.o [1]
Virtual function table for GpioPortA<(unsigned long)5>
                         0x800'059c   0x1c  Data  Gb  main.o [1]
Virtual function table for GpioPortC<(unsigned long)13>
                         0x800'05d4   0x1c  Data  Gb  main.o [1]
__aeabi_assert           0x800'0485   0x24  Code  Gb  ABIassert.o [6]
__cmain                  0x800'0551         Code  Gb  cmain.o [5]
__exit                   0x800'04b1   0x14  Code  Gb  exit.o [6]
__iar_data_init3         0x800'04f1   0x28  Code  Gb  data_init.o [5]
__iar_debug_exceptions   0x800'0572    0x1  Data  Gb  unwind_debug.o [6]
__iar_init_vfp           0x800'0519         Code  Gb  fpinit_M.o [4]
__iar_program_start      0x800'0623   0x12  Code  Gb  startupF411RE.o [1]
__iar_zero_init3         0x800'03a3   0x3a  Code  Gb  zero_init3.o [5]
__low_level_init         0x800'0199   0x7a  Code  Gb  main.o [1]
__vector_table           0x800'0000  0x198  Data  Gb  startupF411RE.o [1]
_call_main               0x800'055d         Code  Gb  cmain.o [5]
_exit                    0x800'0575         Code  Gb  cexit.o [5]
_main                    0x800'056b         Code  Gb  cmain.o [5]
abort                    0x800'04a9    0x6  Code  Gb  abort.o [2]
bool utils::checkBit<unsigned int volatile, unsigned long>(unsigned int volatile const &, unsigned long)
                         0x800'04c5   0x2c  Code  Gb  main.o [1]
bool utils::checkBit<unsigned int volatile, unsigned long>(unsigned int volatile const &, unsigned long)::string
                         0x800'0608   0x18  Data  Gb  main.o [1]
bool utils::checkBit<unsigned int volatile, unsigned long>(unsigned int volatile const &, unsigned long)::string (instance 2)
                         0x800'0418   0x3c  Data  Gb  main.o [1]
exit                     0x800'056f    0x4  Code  Gb  exit.o [2]
main                     0x800'021f   0x1e  Code  Gb  main.o [1]
void utils::toggleBit<unsigned int volatile, unsigned long>(unsigned int volatile &, unsigned long)
                         0x800'0455   0x30  Code  Gb  main.o [1]
void utils::toggleBit<unsigned int volatile, unsigned long>(unsigned int volatile &, unsigned long)::string
                         0x800'05f0   0x18  Data  Gb  main.o [1]
void utils::toggleBit<unsigned int volatile, unsigned long>(unsigned int volatile &, unsigned long)::string (instance 2)
                         0x800'03dc   0x3c  Data  Gb  main.o [1]


[1] = E:\Projects\ARM_LAB\stm32Labs\LabPortEnd\Debug\Obj
[2] = dl7M_tln.a
[3] = dlpp7M_tl_nc.a
[4] = m7M_tls.a
[5] = rt7M_tl.a
[6] = shb_l.a

  959 bytes of readonly  code memory
  709 bytes of readonly  data memory
  284 bytes of readwrite data memory

Errors: none
Warnings: none
