###############################################################################
#
# IAR ELF Linker V8.20.2.14835/W32 for ARM                17/Nov/2018  18:32:18
# Copyright 2007-2017 IAR Systems AB.
#
#    Output file  =  
#        E:\Projects\ARM_LAB\stm32Labs\LabPortSolve\Debug\Exe\portend.out
#    Map file     =  
#        E:\Projects\ARM_LAB\stm32Labs\LabPortSolve\Debug\List\portend.map
#    Command line =  
#        -f C:\Users\Sergey\AppData\Local\Temp\EW8B14.tmp
#        (E:\Projects\ARM_LAB\stm32Labs\LabPortSolve\Debug\Obj\main.o
#        E:\Projects\ARM_LAB\stm32Labs\LabPortSolve\Debug\Obj\startupF411RE.o
#        -o E:\Projects\ARM_LAB\stm32Labs\LabPortSolve\Debug\Exe\portend.out
#        --map
#        E:\Projects\ARM_LAB\stm32Labs\LabPortSolve\Debug\List\portend.map
#        --config "D:\Program Files (x86)\IAR Systems\Embedded Workbench
#        8.0\arm\config\linker\ST\stm32f411xE.icf" --semihosting --entry
#        __iar_program_start --vfe --text_out locale)
#
###############################################################################

*******************************************************************************
*** RUNTIME MODEL ATTRIBUTES
***

CppFlavor        = *
__CPP_Exceptions = Disabled
__CPP_Language   = C++14
__SystemLibrary  = DLib
__dlib_version   = 6


*******************************************************************************
*** HEAP SELECTION
***

The basic heap was selected because no calls to memory allocation
functions were found in the application outside of system library
functions, and there are calls to deallocation functions in the
application.


*******************************************************************************
*** PLACEMENT SUMMARY
***

"A0":  place at 0x08000000 { ro section .intvec };
"P1":  place in [from 0x08000000 to 0x0807ffff] { ro };
define block CSTACK with size = 8K, alignment = 8 { };
define block HEAP with size = 8K, alignment = 8 { };
"P2":  place in [from 0x20000000 to 0x2001ffff] {
          rw, block CSTACK, block HEAP };

No sections matched the following patterns:

  rw  in "P2"


  Section   Kind        Address    Size  Object
  -------   ----        -------    ----  ------
"A0":                             0x198
  .intvec   const    0x08000000   0x198  startupF411RE.o [1]
                   - 0x08000198   0x198

"P1":                             0x111
  .text     ro code  0x08000198    0x94  main.o [1]
  .text     ro code  0x0800022c    0x22  fpinit_M.o [4]
  .text     ro code  0x0800024e     0x2  startupF411RE.o [1]
  .text     ro code  0x08000250    0x1e  cmain.o [5]
  .text     ro code  0x0800026e     0x4  exit.o [3]
  .text     ro code  0x08000272     0x2  startupF411RE.o [1]
  .text     ro code  0x08000274     0xa  cexit.o [5]
  .text     ro code  0x0800027e     0x2  startupF411RE.o [1]
  .text     ro code  0x08000280    0x14  exit.o [6]
  .text     ro code  0x08000294    0x14  startupF411RE.o [1]
  .rodata   const    0x080002a8     0x1  unwind_debug.o [6]
                   - 0x080002a9   0x111

"P2":                            0x2000
  CSTACK             0x20000000  0x2000  <Block>
    CSTACK  uninit   0x20000000  0x2000  <Block tail>
                   - 0x20002000  0x2000



*******************************************************************************
*** MODULE SUMMARY
***

    Module           ro code  ro data  rw data
    ------           -------  -------  -------
E:\Projects\ARM_LAB\stm32Labs\LabPortSolve\Debug\Obj: [1]
    main.o               148
    startupF411RE.o       26      408
    ------------------------------------------
    Total:               174      408

command line: [2]
    ------------------------------------------
    Total:

dl7M_tln.a: [3]
    exit.o                 4
    ------------------------------------------
    Total:                 4

m7M_tls.a: [4]
    fpinit_M.o            34
    ------------------------------------------
    Total:                34

rt7M_tl.a: [5]
    cexit.o               10
    cmain.o               30
    ------------------------------------------
    Total:                40

shb_l.a: [6]
    exit.o                20
    unwind_debug.o                  1
    ------------------------------------------
    Total:                20        1

    Linker created                       8 192
----------------------------------------------
    Grand Total:         272      409    8 192


*******************************************************************************
*** ENTRY LIST
***

Entry                      Address   Size  Type      Object
-----                      -------   ----  ----      ------
?main                   0x08000251         Code  Gb  cmain.o [5]
CSTACK$$Base            0x20000000          --   Gb  - Linker created -
CSTACK$$Limit           0x20002000          --   Gb  - Linker created -
DummyModule::handler()  0x08000295    0x2  Code  Gb  startupF411RE.o [1]
IrqController::HandleIrqExtiLine15_10()
                        0x0800024f    0x2  Code  Gb  startupF411RE.o [1]
Region$$Table$$Base     0x00000000          --   Gb  - Linker created -
Region$$Table$$Limit    0x00000000          --   Gb  - Linker created -
__cmain                 0x08000251         Code  Gb  cmain.o [5]
__exit                  0x08000281   0x14  Code  Gb  exit.o [6]
__iar_debug_exceptions  0x080002a8    0x1  Data  Gb  unwind_debug.o [6]
__iar_init_vfp          0x0800022d         Code  Gb  fpinit_M.o [4]
__iar_program_start     0x08000297   0x10  Code  Gb  startupF411RE.o [1]
__iar_systems$$module {Abs}
                        0x00000001         Data  Gb  command line/config [2]
__low_level_init        0x08000199   0x58  Code  Gb  main.o [1]
__vector_table          0x08000000  0x198  Data  Gb  startupF411RE.o [1]
_call_main              0x0800025d         Code  Gb  cmain.o [5]
_exit                   0x08000275         Code  Gb  cexit.o [5]
_main                   0x0800026b         Code  Gb  cmain.o [5]
exit                    0x0800026f    0x4  Code  Gb  exit.o [3]
main                    0x080001f1   0x1e  Code  Gb  main.o [1]


[1] = E:\Projects\ARM_LAB\stm32Labs\LabPortSolve\Debug\Obj
[2] = command line
[3] = dl7M_tln.a
[4] = m7M_tls.a
[5] = rt7M_tl.a
[6] = shb_l.a

    272 bytes of readonly  code memory
    409 bytes of readonly  data memory
  8 192 bytes of readwrite data memory

Errors: none
Warnings: none
