###############################################################################
#
# IAR ELF Linker V8.30.1.114/W32 for ARM                  28/Aug/2018  19:14:59
# Copyright 2007-2018 IAR Systems AB.
#
#    Output file  =  
#        E:\Projects\ARM_LAB\stm32Labs\Lab1PortBegin\Debug\Exe\cpp.out
#    Map file     =  
#        E:\Projects\ARM_LAB\stm32Labs\Lab1PortBegin\Debug\List\cpp.map
#    Command line =  
#        -f C:\Users\Sergey\AppData\Local\Temp\EWA8F8.tmp
#        (E:\Projects\ARM_LAB\stm32Labs\Lab1PortBegin\Debug\Obj\irqcontroller.o
#        E:\Projects\ARM_LAB\stm32Labs\Lab1PortBegin\Debug\Obj\main.o
#        E:\Projects\ARM_LAB\stm32Labs\Lab1PortBegin\Debug\Obj\startupF411RE.o
#        --no_out_extension -o
#        E:\Projects\ARM_LAB\stm32Labs\Lab1PortBegin\Debug\Exe\cpp.out
#        --redirect _Printf=_PrintfFullNoMb --redirect _Scanf=_ScanfFullNoMb
#        --map E:\Projects\ARM_LAB\stm32Labs\Lab1PortBegin\Debug\List\cpp.map
#        --config "D:\Program Files (x86)\IAR Systems\Embedded Workbench
#        8.1\arm\config\linker\ST\stm32f411xE.icf" --semihosting --entry
#        __iar_program_start --vfe --text_out locale)
#
###############################################################################

*******************************************************************************
*** RUNTIME MODEL ATTRIBUTES
***

CppFlavor        = *
__CPP_Exceptions = *
__CPP_Language   = C++14
__Heap_Handler   = Basic
__SystemLibrary  = DLib
__dlib_version   = 6


*******************************************************************************
*** HEAP SELECTION
***

The basic heap was selected because no calls to memory allocation
functions were found in the application outside of system library
functions, and there are calls to deallocation functions in the
application.


*******************************************************************************
*** PLACEMENT SUMMARY
***

"A0":  place at 0x800'0000 { ro section .intvec };
"P1":  place in [from 0x800'0000 to 0x807'ffff] { ro };
define block CSTACK with size = 8K, alignment = 8 { };
define block HEAP with size = 8K, alignment = 8 { };
"P2":  place in [from 0x2000'0000 to 0x2001'ffff] {
          rw, block CSTACK, block HEAP };

No sections matched the following patterns:

  rw  in "P2"


  Section   Kind         Address    Size  Object
  -------   ----         -------    ----  ------
"A0":                              0x198
  .intvec   const     0x800'0000   0x198  startupF411RE.o [1]
                    - 0x800'0198   0x198

"P1":                               0x91
  .text     ro code   0x800'0198    0x22  fpinit_M.o [4]
  .text     ro code   0x800'01ba     0x2  startupF411RE.o [1]
  .text     ro code   0x800'01bc    0x1e  cmain.o [5]
  .text     ro code   0x800'01da     0x6  main.o [1]
  .text     ro code   0x800'01e0     0x4  exit.o [2]
  .text     ro code   0x800'01e4     0xa  cexit.o [5]
  .text     ro code   0x800'01ee     0x2  startupF411RE.o [1]
  .text     ro code   0x800'01f0    0x14  exit.o [6]
  .text     ro code   0x800'0204    0x14  startupF411RE.o [1]
  .text     ro code   0x800'0218    0x10  irqcontroller.o [1]
  .rodata   const     0x800'0228     0x1  unwind_debug.o [6]
                    - 0x800'0229    0x91

"P2":                             0x2000
  CSTACK             0x2000'0000  0x2000  <Block>
    CSTACK  uninit   0x2000'0000  0x2000  <Block tail>
                   - 0x2000'2000  0x2000

Unused ranges:

         From           To      Size
         ----           --      ----
   0x800'0229   0x807'ffff  0x7'fdd7
  0x2000'2000  0x2001'ffff  0x1'e000



*******************************************************************************
*** MODULE SUMMARY
***

    Module           ro code  ro data  rw data
    ------           -------  -------  -------
command line/config:
    ------------------------------------------
    Total:

E:\Projects\ARM_LAB\stm32Labs\Lab1PortBegin\Debug\Obj: [1]
    irqcontroller.o       16
    main.o                 6
    startupF411RE.o       24      408
    ------------------------------------------
    Total:                46      408

dl7M_tln.a: [2]
    exit.o                 4
    ------------------------------------------
    Total:                 4

dlpp7M_tl_nc.a: [3]
    ------------------------------------------
    Total:

m7M_tls.a: [4]
    fpinit_M.o            34
    ------------------------------------------
    Total:                34

rt7M_tl.a: [5]
    cexit.o               10
    cmain.o               30
    ------------------------------------------
    Total:                40

shb_l.a: [6]
    exit.o                20
    unwind_debug.o                  1
    ------------------------------------------
    Total:                20        1

    Linker created                       8 192
----------------------------------------------
    Grand Total:         144      409    8 192


*******************************************************************************
*** ENTRY LIST
***

Entry                       Address   Size  Type      Object
-----                       -------   ----  ----      ------
?main                    0x800'01bd         Code  Gb  cmain.o [5]
CSTACK$$Base            0x2000'0000          --   Gb  - Linker created -
CSTACK$$Limit           0x2000'2000          --   Gb  - Linker created -
DummyModule::handler()   0x800'0205    0x2  Code  Gb  startupF411RE.o [1]
IrqController::HandleIrqExtiLine15_10()
                         0x800'0219   0x10  Code  Gb  irqcontroller.o [1]
Region$$Table$$Base             0x0          --   Gb  - Linker created -
Region$$Table$$Limit            0x0          --   Gb  - Linker created -
__cmain                  0x800'01bd         Code  Gb  cmain.o [5]
__exit                   0x800'01f1   0x14  Code  Gb  exit.o [6]
__iar_debug_exceptions   0x800'0228    0x1  Data  Gb  unwind_debug.o [6]
__iar_init_vfp           0x800'0199         Code  Gb  fpinit_M.o [4]
__iar_program_start      0x800'0207   0x10  Code  Gb  startupF411RE.o [1]
__low_level_init         0x800'01db    0x4  Code  Gb  main.o [1]
__vector_table           0x800'0000  0x198  Data  Gb  startupF411RE.o [1]
_call_main               0x800'01c9         Code  Gb  cmain.o [5]
_exit                    0x800'01e5         Code  Gb  cexit.o [5]
_main                    0x800'01d7         Code  Gb  cmain.o [5]
exit                     0x800'01e1    0x4  Code  Gb  exit.o [2]
main                     0x800'01df    0x2  Code  Gb  main.o [1]


[1] = E:\Projects\ARM_LAB\stm32Labs\Lab1PortBegin\Debug\Obj
[2] = dl7M_tln.a
[3] = dlpp7M_tl_nc.a
[4] = m7M_tls.a
[5] = rt7M_tl.a
[6] = shb_l.a

    144 bytes of readonly  code memory
    409 bytes of readonly  data memory
  8 192 bytes of readwrite data memory

Errors: none
Warnings: none
